 MSIMG32

 Timestamp is 5e9cc135 (Mon Apr 20 07:23:01 2020)

 Preferred load address is 0000000180000000

 Start         Length     Name                   Class
 0001:00000000 0000c950H .text$mn                CODE
 0001:0000c950 00000020H .text$mn$00             CODE
 0001:0000c970 000003d0H .text$x                 CODE
 0002:00000000 000002c8H .idata$5                DATA
 0002:000002c8 00000028H .00cfg                  DATA
 0002:000002f0 00000008H .CRT$XCA                DATA
 0002:000002f8 00000008H .CRT$XCZ                DATA
 0002:00000300 00000008H .CRT$XIA                DATA
 0002:00000308 00000018H .CRT$XIC                DATA
 0002:00000320 00000008H .CRT$XIZ                DATA
 0002:00000328 00000008H .CRT$XPA                DATA
 0002:00000330 00000010H .CRT$XPX                DATA
 0002:00000340 00000008H .CRT$XPXA               DATA
 0002:00000348 00000008H .CRT$XPZ                DATA
 0002:00000350 00000008H .CRT$XTA                DATA
 0002:00000358 00000008H .CRT$XTZ                DATA
 0002:00000360 00000000H .gfids$y                DATA
 0002:00000360 000074f0H .rdata                  DATA
 0002:00007850 00000000H .rdata$r                DATA
 0002:00007850 00000290H .rdata$zzzdbg           DATA
 0002:00007ae0 00000008H .rtc$IAA                DATA
 0002:00007ae8 00000008H .rtc$IZZ                DATA
 0002:00007af0 00000008H .rtc$TAA                DATA
 0002:00007af8 00000008H .rtc$TZZ                DATA
 0002:00007b00 00001330H .xdata                  DATA
 0002:00008e28 00000000H .xdata$x                DATA
 0002:00008e30 000000acH .edata                  DATA
 0002:00008edc 00000014H .idata$2                DATA
 0002:00008ef0 00000018H .idata$3                DATA
 0002:00008f08 000002c8H .idata$4                DATA
 0002:000091d0 0000065cH .idata$6                DATA
 0003:00000000 00000c20H .data                   DATA
 0003:00000c20 00000000H .data$r                 DATA
 0003:00000c20 00001218H .bss                    DATA
 0004:00000000 00000ee8H .pdata                  DATA
 0005:00000000 00000094H _RDATA                  DATA
 0006:00000000 00000060H .rsrc$01                DATA
 0006:00000060 00000180H .rsrc$02                DATA

  Address         Publics by Value              Rva+Base               Lib:Object

 0000:00000000       __hybrid_code_map          0000000000000000     <absolute>
 0000:00000000       __hybrid_code_map_count    0000000000000000     <absolute>
 0000:00000000       __guard_fids_count         0000000000000000     <absolute>
 0000:00000000       __guard_eh_cont_count      0000000000000000     <absolute>
 0000:00000000       __volatile_metadata        0000000000000000     <absolute>
 0000:00000000       __guard_longjmp_count      0000000000000000     <absolute>
 0000:00000000       __guard_longjmp_table      0000000000000000     <absolute>
 0000:00000000       __guard_iat_count          0000000000000000     <absolute>
 0000:00000000       __guard_iat_table          0000000000000000     <absolute>
 0000:00000000       __guard_eh_cont_table      0000000000000000     <absolute>
 0000:00000000       __enclave_config           0000000000000000     <absolute>
 0000:00000000       __AbsoluteZero             0000000000000000     <absolute>
 0000:00000000       __guard_fids_table         0000000000000000     <absolute>
 0000:00000000       __hybrid_auxiliary_iat     0000000000000000     <absolute>
 0000:00000000       __dynamic_value_reloc_table 0000000000000000     <absolute>
 0000:00000100       __guard_flags              0000000000000100     <absolute>
 0000:00000000       __ImageBase                0000000180000000     <linker-defined>
 0001:00000000       ?DLL_patch@@YAXPEAUHINSTANCE__@@@Z 0000000180001000 f   DoPatch.obj
 0001:000000d0       ?IsBadReadPtr@@YA_NPEAX@Z  00000001800010d0 f   DoPatch.obj
 0001:00000124       ?h_CreateWindowExW@@YAPEAUHWND__@@KPEB_W0KHHHHPEAU1@PEAUHMENU__@@PEAUHINSTANCE__@@PEAX@Z 0000000180001124 f   DoPatch.obj
 0001:000001f0       ?h_DialogBoxParamW@@YA_JPEAUHINSTANCE__@@PEB_WPEAUHWND__@@P6A_J2I_K_J@Z4@Z 00000001800011f0 f   DoPatch.obj
 0001:00000264       ?FixLibraryImport@@YAXXZ   0000000180001264 f   DllLoader.obj
 0001:000003d8       ?FixSingleApi@@YAXPEBD_K@Z 00000001800013d8 f   DllLoader.obj
 0001:00000484       ?IsWin7OrLater@@YA_NXZ     0000000180001484 f   DllLoader.obj
 0001:000004a8       ?StartPatch@@YAXXZ         00000001800014a8 f   DllLoader.obj
 0001:000004f4       AlphaBlend                 00000001800014f4 f   DllLoader.obj
 0001:00000508       DllInitialize              0000000180001508 f   DllLoader.obj
 0001:0000051c       DllMain                    000000018000151c f   DllLoader.obj
 0001:0000055c       GradientFill               000000018000155c f   DllLoader.obj
 0001:00000570       TransparentBlt             0000000180001570 f   DllLoader.obj
 0001:00000584       vSetDdrawflag              0000000180001584 f   DllLoader.obj
 0001:00000598       AllocateBuffer             0000000180001598 f   buffer.obj
 0001:000005bc       FreeBuffer                 00000001800015bc f   buffer.obj
 0001:0000082c       InitializeBuffer           000000018000182c f   buffer.obj
 0001:00000830       IsExecutableAddress        0000000180001830 f   buffer.obj
 0001:00000864       hde64_disasm               0000000180001864 f   hde64.obj
 0001:0000158c       MH_CreateHook              000000018000258c f   hook.obj
 0001:00001730       MH_CreateHookApiEx         0000000180002730 f   hook.obj
 0001:0000179c       MH_EnableHook              000000018000279c f   hook.obj
 0001:000017a8       MH_Initialize              00000001800027a8 f   hook.obj
 0001:0000187c       CreateTrampolineFunction   000000018000287c f   trampoline.obj
 0001:00001c1c       CreateToolhelp32Snapshot   0000000180002c1c f   kernel32:KERNEL32.dll
 0001:00001c22       Thread32First              0000000180002c22 f   kernel32:KERNEL32.dll
 0001:00001c28       Thread32Next               0000000180002c28 f   kernel32:KERNEL32.dll
 0001:00001c30       __GSHandlerCheck           0000000180002c30 f   LIBCMT:gshandler.obj
 0001:00001c50       __GSHandlerCheckCommon     0000000180002c50 f   LIBCMT:gshandler.obj
 0001:00001cc0       __security_check_cookie    0000000180002cc0 f   LIBCMT:amdsecgs.obj
 0001:00002004       _DllMainCRTStartup         0000000180003004 f   LIBCMT:dll_dllmain.obj
 0001:00002044       __raise_securityfailure    0000000180003044 f   LIBCMT:gs_report.obj
 0001:00002078       __report_gsfailure         0000000180003078 f   LIBCMT:gs_report.obj
 0001:0000214c       __report_rangecheckfailure 000000018000314c f   LIBCMT:gs_report.obj
 0001:00002160       __report_securityfailure   0000000180003160 f   LIBCMT:gs_report.obj
 0001:000022e0       __security_init_cookie     00000001800032e0 f   LIBCMT:gs_support.obj
 0001:0000238c       ?__scrt_initialize_type_info@@YAXXZ 000000018000338c f   LIBCMT:tncleanup.obj
 0001:0000239c       ?__scrt_uninitialize_type_info@@YAXXZ 000000018000339c f   LIBCMT:tncleanup.obj
 0001:000023a8       __local_stdio_printf_options 00000001800033a8 f i LIBCMT:default_local_stdio_options.obj
 0001:000023b0       __local_stdio_scanf_options 00000001800033b0 f i LIBCMT:default_local_stdio_options.obj
 0001:000023b8       __scrt_initialize_default_local_stdio_options 00000001800033b8 f   LIBCMT:default_local_stdio_options.obj
 0001:000023d4       __scrt_acquire_startup_lock 00000001800033d4 f   LIBCMT:utility.obj
 0001:00002410       __scrt_dllmain_after_initialize_c 0000000180003410 f   LIBCMT:utility.obj
 0001:00002444       __scrt_dllmain_before_initialize_c 0000000180003444 f   LIBCMT:utility.obj
 0001:0000245c       __scrt_dllmain_crt_thread_attach 000000018000345c f   LIBCMT:utility.obj
 0001:00002484       __scrt_dllmain_crt_thread_detach 0000000180003484 f   LIBCMT:utility.obj
 0001:0000249c       __scrt_dllmain_exception_filter 000000018000349c f   LIBCMT:utility.obj
 0001:000024fc       __scrt_dllmain_uninitialize_c 00000001800034fc f   LIBCMT:utility.obj
 0001:0000252c       __scrt_dllmain_uninitialize_critical 000000018000352c f   LIBCMT:utility.obj
 0001:00002540       __scrt_initialize_crt      0000000180003540 f   LIBCMT:utility.obj
 0001:0000258c       __scrt_initialize_onexit_tables 000000018000358c f   LIBCMT:utility.obj
 0001:00002618       __scrt_is_nonwritable_in_current_image 0000000180003618 f   LIBCMT:utility.obj
 0001:000026b0       __scrt_release_startup_lock 00000001800036b0 f   LIBCMT:utility.obj
 0001:000026d4       __scrt_uninitialize_crt    00000001800036d4 f   LIBCMT:utility.obj
 0001:00002700       __scrt_get_dyn_tls_init_callback 0000000180003700 f   LIBCMT:dyn_tls_init.obj
 0001:00002708       __crt_debugger_hook        0000000180003708 f   LIBCMT:utility_desktop.obj
 0001:00002710       __scrt_fastfail            0000000180003710 f   LIBCMT:utility_desktop.obj
 0001:0000285c       _RTC_Initialize            000000018000385c f   LIBCMT:initsect.obj
 0001:00002898       _RTC_Terminate             0000000180003898 f   LIBCMT:initsect.obj
 0001:000028d4       _guard_check_icall_nop     00000001800038d4 f i LIBCMT:guard_support.obj
 0001:000028d8       __isa_available_init       00000001800038d8 f   LIBCMT:cpu_disp.obj
 0001:00002a7c       _get_startup_argv_mode     0000000180003a7c f   LIBCMT:argv_mode.obj
 0001:00002a84       __scrt_is_ucrt_dll_in_use  0000000180003a84 f   LIBCMT:ucrt_detection.obj
 0001:00002a90       wcsrchr                    0000000180003a90 f   libvcruntime:wcsrchr.obj
 0001:00002b50       memcpy_repmovs             0000000180003b50 f   libvcruntime:memcpy.obj
 0001:00002b70       memcpy                     0000000180003b70 f   libvcruntime:memcpy.obj
 0001:00002b70       memmove                    0000000180003b70 f   libvcruntime:memcpy.obj
 0001:00002f60       memset_repmovs             0000000180003f60 f   libvcruntime:memset.obj
 0001:00002f80       memset                     0000000180003f80 f   libvcruntime:memset.obj
 0001:00003110       __C_specific_handler       0000000180004110 f   libvcruntime:riscchandler.obj
 0001:0000331c       __std_type_info_destroy_list 000000018000431c f   libvcruntime:std_type_info.obj
 0001:00003348       __vcrt_initialize          0000000180004348 f   libvcruntime:initialization.obj
 0001:00003370       __vcrt_thread_attach       0000000180004370 f   libvcruntime:initialization.obj
 0001:00003384       __vcrt_thread_detach       0000000180004384 f   libvcruntime:initialization.obj
 0001:00003398       __vcrt_uninitialize        0000000180004398 f   libvcruntime:initialization.obj
 0001:000033b4       __vcrt_uninitialize_critical 00000001800043b4 f   libvcruntime:initialization.obj
 0001:000033c4       __DestructExceptionObject  00000001800043c4 f   libvcruntime:ehhelpers.obj
 0001:00003434       ?_CallMemberFunction0@@YAXQEAX0@Z 0000000180004434 f i libvcruntime:ehhelpers.obj
 0001:00003438       __vcrt_freefls             0000000180004438 f   libvcruntime:per_thread_data.obj
 0001:00003458       __vcrt_freeptd             0000000180004458 f   libvcruntime:per_thread_data.obj
 0001:000034a8       __vcrt_getptd              00000001800044a8 f   libvcruntime:per_thread_data.obj
 0001:000034c4       __vcrt_getptd_noexit       00000001800044c4 f   libvcruntime:per_thread_data.obj
 0001:00003584       __vcrt_initialize_ptd      0000000180004584 f   libvcruntime:per_thread_data.obj
 0001:000035cc       __vcrt_uninitialize_ptd    00000001800045cc f   libvcruntime:per_thread_data.obj
 0001:00003600       _NLG_Notify                0000000180004600 f   libvcruntime:notify.obj
 0001:00003620       __NLG_Dispatch2            0000000180004620 f   libvcruntime:notify.obj
 0001:00003630       __NLG_Return2              0000000180004630 f   libvcruntime:notify.obj
 0001:00003634       __except_validate_context_record 0000000180004634 f   libvcruntime:jbcxrval.obj
 0001:0000366c       __vcrt_initialize_locks    000000018000466c f   libvcruntime:locks.obj
 0001:000036a0       __vcrt_uninitialize_locks  00000001800046a0 f   libvcruntime:locks.obj
 0001:00003824       __vcrt_FlsAlloc            0000000180004824 f   libvcruntime:winapi_downlevel.obj
 0001:0000386c       __vcrt_FlsFree             000000018000486c f   libvcruntime:winapi_downlevel.obj
 0001:000038b4       __vcrt_FlsGetValue         00000001800048b4 f   libvcruntime:winapi_downlevel.obj
 0001:000038fc       __vcrt_FlsSetValue         00000001800048fc f   libvcruntime:winapi_downlevel.obj
 0001:00003950       __vcrt_InitializeCriticalSectionEx 0000000180004950 f   libvcruntime:winapi_downlevel.obj
 0001:000039d0       _CallSettingFrame          00000001800049d0 f   libvcruntime:handlers.obj
 0001:00003a20       _CallSettingFrame_LookupContinuationIndex 0000000180004a20 f   libvcruntime:handlers.obj
 0001:00003a50       _CallSettingFrame_NotifyContinuationAddr 0000000180004a50 f   libvcruntime:handlers.obj
 0001:00003a80       _CallSettingFrameEncoded   0000000180004a80 f   libvcruntime:handlers.obj
 0001:00003ac8       wcscmp                     0000000180004ac8 f   libucrt:wcscmp.obj
 0001:00003b00       __acrt_call_reportfault    0000000180004b00 f   libucrt:invalid_parameter.obj
 0001:00003c5c       __acrt_initialize_invalid_parameter_handler 0000000180004c5c f   libucrt:invalid_parameter.obj
 0001:00003c64       _invalid_parameter         0000000180004c64 f   libucrt:invalid_parameter.obj
 0001:00003d14       _invalid_parameter_noinfo  0000000180004d14 f   libucrt:invalid_parameter.obj
 0001:00003d34       _invoke_watson             0000000180004d34 f   libucrt:invalid_parameter.obj
 0001:00003d7c       __acrt_initialize_stdio    0000000180004d7c f   libucrt:_file.obj
 0001:00003e9c       __acrt_uninitialize_stdio  0000000180004e9c f   libucrt:_file.obj
 0001:00003ef8       _lock_file                 0000000180004ef8 f   libucrt:_file.obj
 0001:00003f04       _unlock_file               0000000180004f04 f   libucrt:_file.obj
 0001:00003f10       ??0_LocaleUpdate@@QEAA@QEAU__crt_locale_pointers@@@Z 0000000180004f10 f i libucrt:tolower_toupper.obj
 0001:00003fac       _tolower_l                 0000000180004fac f   libucrt:tolower_toupper.obj
 0001:000040e8       tolower                    00000001800050e8 f   libucrt:tolower_toupper.obj
 0001:00004114       __acrt_errno_from_os_error 0000000180005114 f   libucrt:errno.obj
 0001:0000415c       __acrt_errno_map_os_error  000000018000515c f   libucrt:errno.obj
 0001:000041ac       __doserrno                 00000001800051ac f   libucrt:errno.obj
 0001:000041cc       _errno                     00000001800051cc f   libucrt:errno.obj
 0001:000041ec       wcscat_s                   00000001800051ec f   libucrt:wcscat_s.obj
 0001:0000426c       __acrt_initialize_new_handler 000000018000526c f   libucrt:new_handler.obj
 0001:00004274       _callnewh                  0000000180005274 f   libucrt:new_handler.obj
 0001:000042a4       _query_new_handler         00000001800052a4 f   libucrt:new_handler.obj
 0001:000042d8       _initterm                  00000001800052d8 f   libucrt:initterm.obj
 0001:0000433c       _initterm_e                000000018000533c f   libucrt:initterm.obj
 0001:0000437c       free                       000000018000537c f   libucrt:free.obj
 0001:00004390       _seh_filter_dll            0000000180005390 f   libucrt:exception_filter.obj
 0001:000043a4       _seh_filter_exe            00000001800053a4 f   libucrt:exception_filter.obj
 0001:00004794       __acrt_initialize_thread_local_exit_callback 0000000180005794 f   libucrt:exit.obj
 0001:0000479c       _cexit                     000000018000579c f   libucrt:exit.obj
 0001:000047ac       _exit                      00000001800057ac f   libucrt:exit.obj
 0001:000047b8       _is_c_termination_complete 00000001800057b8 f   libucrt:exit.obj
 0001:00004984       __acrt_allocate_buffer_for_argv 0000000180005984 f   libucrt:argv_parsing.obj
 0001:000049e4       _configure_narrow_argv     00000001800059e4 f   libucrt:argv_parsing.obj
 0001:00004da0       __dcrt_uninitialize_environments_nolock 0000000180005da0 f   libucrt:environment_initialization.obj
 0001:00004dd8       _initialize_narrow_environment 0000000180005dd8 f   libucrt:environment_initialization.obj
 0001:00004f34       _execute_onexit_table      0000000180005f34 f   libucrt:onexit.obj
 0001:00004f70       _initialize_onexit_table   0000000180005f70 f   libucrt:onexit.obj
 0001:000050d8       __acrt_initialize          00000001800060d8 f   libucrt:initialization.obj
 0001:000050ec       __acrt_thread_attach       00000001800060ec f   libucrt:initialization.obj
 0001:00005100       __acrt_thread_detach       0000000180006100 f   libucrt:initialization.obj
 0001:00005110       __acrt_uninitialize        0000000180006110 f   libucrt:initialization.obj
 0001:00005148       __acrt_uninitialize_critical 0000000180006148 f   libucrt:initialization.obj
 0001:00005158       terminate                  0000000180006158 f   libucrt:terminate.obj
 0001:00005178       strcpy_s                   0000000180006178 f   libucrt:strcpy_s.obj
 0001:000051d8       abort                      00000001800061d8 f   libucrt:abort.obj
 0001:00005230       calloc                     0000000180006230 f   libucrt:calloc.obj
 0001:00005250       strncmp                    0000000180006250 f   libucrt:strncmp.obj
 0001:000052d0       wcsncmp                    00000001800062d0 f   libucrt:wcsncmp.obj
 0001:00005674       __acrt_freeptd             0000000180006674 f   libucrt:per_thread_data.obj
 0001:000056b8       __acrt_getptd              00000001800066b8 f   libucrt:per_thread_data.obj
 0001:0000578c       __acrt_getptd_head         000000018000678c f   libucrt:per_thread_data.obj
 0001:00005834       __acrt_getptd_noexit       0000000180006834 f   libucrt:per_thread_data.obj
 0001:00005900       __acrt_initialize_ptd      0000000180006900 f   libucrt:per_thread_data.obj
 0001:0000593c       __acrt_uninitialize_ptd    000000018000693c f   libucrt:per_thread_data.obj
 0001:00005960       _calloc_base               0000000180006960 f   libucrt:calloc_base.obj
 0001:000059d8       _free_base                 00000001800069d8 f   libucrt:free_base.obj
 0001:00005bf0       __acrt_AppPolicyGetProcessTerminationMethodInternal 0000000180006bf0 f   libucrt:winapi_thunks.obj
 0001:00005c40       __acrt_AreFileApisANSI     0000000180006c40 f   libucrt:winapi_thunks.obj
 0001:00005c7c       __acrt_FlsAlloc            0000000180006c7c f   libucrt:winapi_thunks.obj
 0001:00005cc4       __acrt_FlsFree             0000000180006cc4 f   libucrt:winapi_thunks.obj
 0001:00005d0c       __acrt_FlsGetValue         0000000180006d0c f   libucrt:winapi_thunks.obj
 0001:00005d54       __acrt_FlsSetValue         0000000180006d54 f   libucrt:winapi_thunks.obj
 0001:00005da8       __acrt_InitializeCriticalSectionEx 0000000180006da8 f   libucrt:winapi_thunks.obj
 0001:00005e0c       __acrt_LCMapStringEx       0000000180006e0c f   libucrt:winapi_thunks.obj
 0001:00005ee8       __acrt_LocaleNameToLCID    0000000180006ee8 f   libucrt:winapi_thunks.obj
 0001:00005f38       __acrt_initialize_winapi_thunks 0000000180006f38 f   libucrt:winapi_thunks.obj
 0001:00005f6c       __acrt_uninitialize_winapi_thunks 0000000180006f6c f   libucrt:winapi_thunks.obj
 0001:00005fb0       _fcloseall                 0000000180006fb0 f   libucrt:closeall.obj
 0001:00006240       __acrt_stdio_flush_nolock  0000000180007240 f   libucrt:fflush.obj
 0001:000062bc       _fflush_nolock             00000001800072bc f   libucrt:fflush.obj
 0001:00006308       _flushall                  0000000180007308 f   libucrt:fflush.obj
 0001:00006310       __acrt_stdio_free_buffer_nolock 0000000180007310 f   libucrt:_freebuf.obj
 0001:0000654c       __acrt_initialize_lowio    000000018000754c f   libucrt:ioinit.obj
 0001:00006588       __acrt_uninitialize_lowio  0000000180007588 f   libucrt:ioinit.obj
 0001:000065c8       _fclose_nolock             00000001800075c8 f   libucrt:fclose.obj
 0001:0000664c       fclose                     000000018000764c f   libucrt:fclose.obj
 0001:000066b0       _isleadbyte_l              00000001800076b0 f i libucrt:_wctype.obj
 0001:00006a14       __acrt_LCMapStringA        0000000180007a14 f   libucrt:lcmapstringa.obj
 0001:00006aac       __acrt_update_locale_info  0000000180007aac f   libucrt:locale_update.obj
 0001:00006ae0       __acrt_update_multibyte_info 0000000180007ae0 f   libucrt:locale_update.obj
 0001:00006b84       __acrt_set_locale_changed  0000000180007b84 f   libucrt:wsetlocale.obj
 0001:00006b90       __acrt_uninitialize_locale 0000000180007b90 f   libucrt:wsetlocale.obj
 0001:00006bc0       __pctype_func              0000000180007bc0 f   libucrt:ctype.obj
 0001:00006bf0       __acrt_initialize_locks    0000000180007bf0 f   libucrt:locks.obj
 0001:00006c38       __acrt_lock                0000000180007c38 f   libucrt:locks.obj
 0001:00006c54       __acrt_uninitialize_locks  0000000180007c54 f   libucrt:locks.obj
 0001:00006c8c       __acrt_unlock              0000000180007c8c f   libucrt:locks.obj
 0001:00006ca8       _malloc_base               0000000180007ca8 f   libucrt:malloc_base.obj
 0001:00006d08       __acrt_get_process_end_policy 0000000180007d08 f   libucrt:win_policies.obj
 0001:00006d58       ??$__acrt_mbs_to_wcs_cp@U__crt_win32_buffer_internal_dynamic_resizing@@@@YAHQEBDAEAV?$__crt_win32_buffer@_WU__crt_win32_buffer_internal_dynamic_resizing@@@@I@Z 0000000180007d58 f i libucrt:argv_wildcards.obj
 0001:00006ed0       ??$__acrt_wcs_to_mbs_cp@U__crt_win32_buffer_internal_dynamic_resizing@@@@YAHQEB_WAEAV?$__crt_win32_buffer@DU__crt_win32_buffer_internal_dynamic_resizing@@@@I@Z 0000000180007ed0 f i libucrt:argv_wildcards.obj
 0001:00007700       __acrt_expand_narrow_argv_wildcards 0000000180008700 f   libucrt:argv_wildcards.obj
 0001:00007708       ??$__acrt_wcs_to_mbs_cp@U__crt_win32_buffer_no_resizing@@@@YAHQEB_WAEAV?$__crt_win32_buffer@DU__crt_win32_buffer_no_resizing@@@@I@Z 0000000180008708 f i libucrt:getmodulefilenamea.obj
 0001:0000781c       __acrt_GetModuleFileNameA  000000018000881c f   libucrt:getmodulefilenamea.obj
 0001:00008068       __acrt_initialize_multibyte 0000000180009068 f   libucrt:mbctype.obj
 0001:000080c8       __acrt_update_thread_multibyte_data 00000001800090c8 f   libucrt:mbctype.obj
 0001:000080e4       _setmbcp_nolock            00000001800090e4 f   libucrt:mbctype.obj
 0001:00008418       _ismbblead                 0000000180009418 f   libucrt:ismbbyte.obj
 0001:0000842c       __acrt_initialize_command_line 000000018000942c f   libucrt:argv_data.obj
 0001:00008454       __acrt_uninitialize_command_line 0000000180009454 f   libucrt:argv_data.obj
 0001:00008458       __acrt_MultiByteToWideChar 0000000180009458 f   libucrt:multibytetowidechar.obj
 0001:000084b4       __acrt_WideCharToMultiByte 00000001800094b4 f   libucrt:widechartomultibyte.obj
 0001:0000854c       __dcrt_get_narrow_environment_from_os 000000018000954c f   libucrt:get_environment_from_os.obj
 0001:00008650       _recalloc_base             0000000180009650 f   libucrt:recalloc.obj
 0001:000086e8       __acrt_initialize_heap     00000001800096e8 f   libucrt:heap_handle.obj
 0001:00008704       __acrt_uninitialize_heap   0000000180009704 f   libucrt:heap_handle.obj
 0001:00008710       __acrt_execute_initializers 0000000180009710 f   libucrt:shared_initialization.obj
 0001:00008790       __acrt_execute_uninitializers 0000000180009790 f   libucrt:shared_initialization.obj
 0001:00008814       __acrt_get_sigabrt_handler 0000000180009814 f   libucrt:signal.obj
 0001:00008844       __acrt_initialize_signal_handlers 0000000180009844 f   libucrt:signal.obj
 0001:00008864       raise                      0000000180009864 f   libucrt:signal.obj
 0001:00008ad0       __acrt_has_user_matherr    0000000180009ad0 f   libucrt:matherr.obj
 0001:00008af0       __acrt_initialize_user_matherr 0000000180009af0 f   libucrt:matherr.obj
 0001:00008af8       __acrt_invoke_user_matherr 0000000180009af8 f   libucrt:matherr.obj
 0001:00008b28       _mbtowc_l                  0000000180009b28 f   libucrt:mbtowc.obj
 0001:00008ca8       mbtowc                     0000000180009ca8 f   libucrt:mbtowc.obj
 0001:00008cb0       _fileno                    0000000180009cb0 f   libucrt:fileno.obj
 0001:00008cd8       __acrt_add_locale_ref      0000000180009cd8 f   libucrt:locale_refcounting.obj
 0001:00008d64       __acrt_free_locale         0000000180009d64 f   libucrt:locale_refcounting.obj
 0001:00008edc       __acrt_locale_add_lc_time_reference 0000000180009edc f   libucrt:locale_refcounting.obj
 0001:00008f04       __acrt_locale_free_lc_time_if_unreferenced 0000000180009f04 f   libucrt:locale_refcounting.obj
 0001:00008f3c       __acrt_locale_release_lc_time_reference 0000000180009f3c f   libucrt:locale_refcounting.obj
 0001:00008f64       __acrt_release_locale_ref  0000000180009f64 f   libucrt:locale_refcounting.obj
 0001:0000900c       __acrt_update_thread_locale_data 000000018000a00c f   libucrt:locale_refcounting.obj
 0001:00009078       _updatetlocinfoEx_nolock   000000018000a078 f   libucrt:locale_refcounting.obj
 0001:000090e0       _query_new_mode            000000018000a0e0 f   libucrt:new_mode.obj
 0001:000090e8       __acrt_DownlevelLocaleNameToLCID 000000018000a0e8 f   libucrt:lcidtoname_downlevel.obj
 0001:00009224       _commit                    000000018000a224 f   libucrt:commit.obj
 0001:00009b18       _write                     000000018000ab18 f   libucrt:write.obj
 0001:00009c04       _write_nolock              000000018000ac04 f   libucrt:write.obj
 0001:00009ee0       __acrt_lowio_create_handle_array 000000018000aee0 f   libucrt:osfinfo.obj
 0001:00009f88       __acrt_lowio_destroy_handle_array 000000018000af88 f   libucrt:osfinfo.obj
 0001:00009fd8       __acrt_lowio_ensure_fh_exists 000000018000afd8 f   libucrt:osfinfo.obj
 0001:0000a080       __acrt_lowio_lock_fh       000000018000b080 f   libucrt:osfinfo.obj
 0001:0000a0a8       __acrt_lowio_unlock_fh     000000018000b0a8 f   libucrt:osfinfo.obj
 0001:0000a0d0       _free_osfhnd               000000018000b0d0 f   libucrt:osfinfo.obj
 0001:0000a18c       _get_osfhandle             000000018000b18c f   libucrt:osfinfo.obj
 0001:0000a278       _close                     000000018000b278 f   libucrt:close.obj
 0001:0000a31c       _close_nolock              000000018000b31c f   libucrt:close.obj
 0001:0000a3dc       ?__acrt_stdio_free_stream@@YAXV__crt_stdio_stream@@@Z 000000018000b3dc f   libucrt:stream.obj
 0001:0000a3f8       __ascii_wcsnicmp           000000018000b3f8 f   libucrt:wcsnicmp.obj
 0001:0000a444       __strncnt                  000000018000b444 f   libucrt:strncnt.obj
 0001:0000a45c       __acrt_locale_free_monetary 000000018000b45c f   libucrt:initmon.obj
 0001:0000a568       __acrt_locale_free_numeric 000000018000b568 f   libucrt:initnum.obj
 0001:0000a62c       __acrt_locale_free_time    000000018000b62c f   libucrt:inittime.obj
 0001:0000a734       __acrt_GetStringTypeA      000000018000b734 f   libucrt:getstringtypea.obj
 0001:0000a8d0       qsort                      000000018000b8d0 f   libucrt:qsort.obj
 0001:0000ac80       strncpy_s                  000000018000bc80 f   libucrt:strncpy_s.obj
 0001:0000ae00       strpbrk                    000000018000be00 f   libucrt:strpbrk.obj
 0001:0000b1e0       _mbsdec                    000000018000c1e0 f   libucrt:mbsdec.obj
 0001:0000b1e8       _mbsdec_l                  000000018000c1e8 f   libucrt:mbsdec.obj
 0001:0000b294       _msize_base                000000018000c294 f   libucrt:msize.obj
 0001:0000b2d0       _realloc_base              000000018000c2d0 f   libucrt:realloc_base.obj
 0001:0000b34c       _isatty                    000000018000c34c f   libucrt:isatty.obj
 0001:0000b3ac       ?__mbrtowc_utf8@__crt_mbstring@@YA_KPEA_WPEBD_KPEAU_Mbstatet@@@Z 000000018000c3ac f   libucrt:mbrtowc.obj
 0001:0000b3e8       ?__mbsrtowcs_utf8@__crt_mbstring@@YA_KPEA_WPEAPEBD_KPEAU_Mbstatet@@@Z 000000018000c3e8 f   libucrt:mbrtowc.obj
 0001:0000b5fc       _lseeki64_nolock           000000018000c5fc f   libucrt:lseek.obj
 0001:0000b604       _putwch_nolock             000000018000c604 f   libucrt:putwch.obj
 0001:0000b640       _query_app_type            000000018000c640 f   libucrt:report_runtime_error.obj
 0001:0000b648       ?__mbrtoc32_utf8@__crt_mbstring@@YA_KPEA_UPEBD_KPEAU_Mbstatet@@@Z 000000018000c648 f   libucrt:mbrtoc32.obj
 0001:0000b830       log10                      000000018000c830 f   libucrt:log10.obj
 0001:0000bddc       __dcrt_lowio_ensure_console_output_initialized 000000018000cddc f   libucrt:initcon.obj
 0001:0000be30       __dcrt_terminate_console_output 000000018000ce30 f   libucrt:initcon.obj
 0001:0000be4c       __dcrt_write_console       000000018000ce4c f   libucrt:initcon.obj
 0001:0000c030       _handle_error              000000018000d030 f   libucrt:libm_error.obj
 0001:0000c160       __acrt_initialize_fma3     000000018000d160 f   libucrt:fma3_available.obj
 0001:0000c1d0       _log10_special             000000018000d1d0 f   libucrt:log_special.obj
 0001:0000c2a0       _get_fpsr                  000000018000d2a0 f   libucrt:fpsr.obj
 0001:0000c2b0       _set_fpsr                  000000018000d2b0 f   libucrt:fpsr.obj
 0001:0000c2ba       _fclrf                     000000018000d2ba f   libucrt:fpsr.obj
 0001:0000c2ce       _frnd                      000000018000d2ce f   libucrt:fpsr.obj
 0001:0000c2f0       _raise_exc                 000000018000d2f0 f   libucrt:fpexcept.obj
 0001:0000c318       _raise_exc_ex              000000018000d318 f   libucrt:fpexcept.obj
 0001:0000c628       _set_errno_from_matherr    000000018000d628 f   libucrt:fpexcept.obj
 0001:0000c658       _clrfp                     000000018000d658 f   libucrt:fpctrl.obj
 0001:0000c678       _ctrlfp                    000000018000d678 f   libucrt:fpctrl.obj
 0001:0000c6f4       _set_statfp                000000018000d6f4 f   libucrt:fpctrl.obj
 0001:0000c714       _statfp                    000000018000d714 f   libucrt:fpctrl.obj
 0001:0000c725       IsProcessorFeaturePresent  000000018000d725 f   kernel32:KERNEL32.dll
 0001:0000c730       _FindPESection             000000018000d730 f   LIBCMT:pesect.obj
 0001:0000c780       _IsNonwritableInCurrentImage 000000018000d780 f   LIBCMT:pesect.obj
 0001:0000c7d0       _ValidateImageBase         000000018000d7d0 f   LIBCMT:pesect.obj
 0001:0000c810       __chkstk                   000000018000d810 f   LIBCMT:chkstk.obj
 0001:0000c810       _alloca_probe              000000018000d810 f   LIBCMT:chkstk.obj
 0001:0000c880       memcmp                     000000018000d880 f   libvcruntime:memcmp.obj
 0001:0000c960       _guard_dispatch_icall_nop  000000018000d960 f   LIBCMT:guard_dispatch.obj
 0002:00000000       __imp_VirtualQuery         000000018000e000     kernel32:KERNEL32.dll
 0002:00000008       __imp_GetModuleFileNameW   000000018000e008     kernel32:KERNEL32.dll
 0002:00000010       __imp_SleepEx              000000018000e010     kernel32:KERNEL32.dll
 0002:00000018       __imp_ExitProcess          000000018000e018     kernel32:KERNEL32.dll
 0002:00000020       __imp_CreateThread         000000018000e020     kernel32:KERNEL32.dll
 0002:00000028       __imp_GetVersion           000000018000e028     kernel32:KERNEL32.dll
 0002:00000030       __imp_GetSystemDirectoryW  000000018000e030     kernel32:KERNEL32.dll
 0002:00000038       __imp_VirtualProtect       000000018000e038     kernel32:KERNEL32.dll
 0002:00000040       __imp_DisableThreadLibraryCalls 000000018000e040     kernel32:KERNEL32.dll
 0002:00000048       __imp_FreeLibrary          000000018000e048     kernel32:KERNEL32.dll
 0002:00000050       __imp_GetModuleHandleW     000000018000e050     kernel32:KERNEL32.dll
 0002:00000058       __imp_GetProcAddress       000000018000e058     kernel32:KERNEL32.dll
 0002:00000060       __imp_LoadLibraryW         000000018000e060     kernel32:KERNEL32.dll
 0002:00000068       __imp_GetSystemInfo        000000018000e068     kernel32:KERNEL32.dll
 0002:00000070       __imp_VirtualAlloc         000000018000e070     kernel32:KERNEL32.dll
 0002:00000078       __imp_VirtualFree          000000018000e078     kernel32:KERNEL32.dll
 0002:00000080       __imp_CloseHandle          000000018000e080     kernel32:KERNEL32.dll
 0002:00000088       __imp_HeapCreate           000000018000e088     kernel32:KERNEL32.dll
 0002:00000090       __imp_HeapAlloc            000000018000e090     kernel32:KERNEL32.dll
 0002:00000098       __imp_HeapReAlloc          000000018000e098     kernel32:KERNEL32.dll
 0002:000000a0       __imp_HeapFree             000000018000e0a0     kernel32:KERNEL32.dll
 0002:000000a8       __imp_Sleep                000000018000e0a8     kernel32:KERNEL32.dll
 0002:000000b0       __imp_GetCurrentProcess    000000018000e0b0     kernel32:KERNEL32.dll
 0002:000000b8       __imp_GetCurrentProcessId  000000018000e0b8     kernel32:KERNEL32.dll
 0002:000000c0       __imp_GetCurrentThreadId   000000018000e0c0     kernel32:KERNEL32.dll
 0002:000000c8       __imp_OpenThread           000000018000e0c8     kernel32:KERNEL32.dll
 0002:000000d0       __imp_SuspendThread        000000018000e0d0     kernel32:KERNEL32.dll
 0002:000000d8       __imp_ResumeThread         000000018000e0d8     kernel32:KERNEL32.dll
 0002:000000e0       __imp_GetThreadContext     000000018000e0e0     kernel32:KERNEL32.dll
 0002:000000e8       __imp_SetThreadContext     000000018000e0e8     kernel32:KERNEL32.dll
 0002:000000f0       __imp_FlushInstructionCache 000000018000e0f0     kernel32:KERNEL32.dll
 0002:000000f8       __imp_CreateToolhelp32Snapshot 000000018000e0f8     kernel32:KERNEL32.dll
 0002:00000100       __imp_Thread32First        000000018000e100     kernel32:KERNEL32.dll
 0002:00000108       __imp_Thread32Next         000000018000e108     kernel32:KERNEL32.dll
 0002:00000110       __imp_RtlCaptureContext    000000018000e110     kernel32:KERNEL32.dll
 0002:00000118       __imp_RtlLookupFunctionEntry 000000018000e118     kernel32:KERNEL32.dll
 0002:00000120       __imp_RtlVirtualUnwind     000000018000e120     kernel32:KERNEL32.dll
 0002:00000128       __imp_UnhandledExceptionFilter 000000018000e128     kernel32:KERNEL32.dll
 0002:00000130       __imp_SetUnhandledExceptionFilter 000000018000e130     kernel32:KERNEL32.dll
 0002:00000138       __imp_TerminateProcess     000000018000e138     kernel32:KERNEL32.dll
 0002:00000140       __imp_IsProcessorFeaturePresent 000000018000e140     kernel32:KERNEL32.dll
 0002:00000148       __imp_QueryPerformanceCounter 000000018000e148     kernel32:KERNEL32.dll
 0002:00000150       __imp_GetSystemTimeAsFileTime 000000018000e150     kernel32:KERNEL32.dll
 0002:00000158       __imp_InitializeSListHead  000000018000e158     kernel32:KERNEL32.dll
 0002:00000160       __imp_IsDebuggerPresent    000000018000e160     kernel32:KERNEL32.dll
 0002:00000168       __imp_GetStartupInfoW      000000018000e168     kernel32:KERNEL32.dll
 0002:00000170       __imp_RaiseException       000000018000e170     kernel32:KERNEL32.dll
 0002:00000178       __imp_RtlUnwindEx          000000018000e178     kernel32:KERNEL32.dll
 0002:00000180       __imp_InterlockedFlushSList 000000018000e180     kernel32:KERNEL32.dll
 0002:00000188       __imp_GetLastError         000000018000e188     kernel32:KERNEL32.dll
 0002:00000190       __imp_SetLastError         000000018000e190     kernel32:KERNEL32.dll
 0002:00000198       __imp_EnterCriticalSection 000000018000e198     kernel32:KERNEL32.dll
 0002:000001a0       __imp_LeaveCriticalSection 000000018000e1a0     kernel32:KERNEL32.dll
 0002:000001a8       __imp_DeleteCriticalSection 000000018000e1a8     kernel32:KERNEL32.dll
 0002:000001b0       __imp_InitializeCriticalSectionAndSpinCount 000000018000e1b0     kernel32:KERNEL32.dll
 0002:000001b8       __imp_TlsAlloc             000000018000e1b8     kernel32:KERNEL32.dll
 0002:000001c0       __imp_TlsGetValue          000000018000e1c0     kernel32:KERNEL32.dll
 0002:000001c8       __imp_TlsSetValue          000000018000e1c8     kernel32:KERNEL32.dll
 0002:000001d0       __imp_TlsFree              000000018000e1d0     kernel32:KERNEL32.dll
 0002:000001d8       __imp_LoadLibraryExW       000000018000e1d8     kernel32:KERNEL32.dll
 0002:000001e0       __imp_GetModuleHandleExW   000000018000e1e0     kernel32:KERNEL32.dll
 0002:000001e8       __imp_LCMapStringW         000000018000e1e8     kernel32:KERNEL32.dll
 0002:000001f0       __imp_GetStdHandle         000000018000e1f0     kernel32:KERNEL32.dll
 0002:000001f8       __imp_GetFileType          000000018000e1f8     kernel32:KERNEL32.dll
 0002:00000200       __imp_FindClose            000000018000e200     kernel32:KERNEL32.dll
 0002:00000208       __imp_FindFirstFileExW     000000018000e208     kernel32:KERNEL32.dll
 0002:00000210       __imp_FindNextFileW        000000018000e210     kernel32:KERNEL32.dll
 0002:00000218       __imp_IsValidCodePage      000000018000e218     kernel32:KERNEL32.dll
 0002:00000220       __imp_GetACP               000000018000e220     kernel32:KERNEL32.dll
 0002:00000228       __imp_GetOEMCP             000000018000e228     kernel32:KERNEL32.dll
 0002:00000230       __imp_GetCPInfo            000000018000e230     kernel32:KERNEL32.dll
 0002:00000238       __imp_GetCommandLineA      000000018000e238     kernel32:KERNEL32.dll
 0002:00000240       __imp_GetCommandLineW      000000018000e240     kernel32:KERNEL32.dll
 0002:00000248       __imp_MultiByteToWideChar  000000018000e248     kernel32:KERNEL32.dll
 0002:00000250       __imp_WideCharToMultiByte  000000018000e250     kernel32:KERNEL32.dll
 0002:00000258       __imp_GetEnvironmentStringsW 000000018000e258     kernel32:KERNEL32.dll
 0002:00000260       __imp_FreeEnvironmentStringsW 000000018000e260     kernel32:KERNEL32.dll
 0002:00000268       __imp_GetProcessHeap       000000018000e268     kernel32:KERNEL32.dll
 0002:00000270       __imp_FlushFileBuffers     000000018000e270     kernel32:KERNEL32.dll
 0002:00000278       __imp_WriteFile            000000018000e278     kernel32:KERNEL32.dll
 0002:00000280       __imp_GetConsoleCP         000000018000e280     kernel32:KERNEL32.dll
 0002:00000288       __imp_GetConsoleMode       000000018000e288     kernel32:KERNEL32.dll
 0002:00000290       __imp_SetStdHandle         000000018000e290     kernel32:KERNEL32.dll
 0002:00000298       __imp_CreateFileW          000000018000e298     kernel32:KERNEL32.dll
 0002:000002a0       __imp_GetStringTypeW       000000018000e2a0     kernel32:KERNEL32.dll
 0002:000002a8       __imp_HeapSize             000000018000e2a8     kernel32:KERNEL32.dll
 0002:000002b0       __imp_SetFilePointerEx     000000018000e2b0     kernel32:KERNEL32.dll
 0002:000002b8       __imp_WriteConsoleW        000000018000e2b8     kernel32:KERNEL32.dll
 0002:000002c0       \177KERNEL32_NULL_THUNK_DATA 000000018000e2c0     kernel32:KERNEL32.dll
 0002:000002c8       __guard_check_icall_fptr   000000018000e2c8     LIBCMT:guard_support.obj
 0002:000002d0       __guard_xfg_check_icall_fptr 000000018000e2d0     LIBCMT:guard_support.obj
 0002:000002d8       __guard_dispatch_icall_fptr 000000018000e2d8     LIBCMT:guard_support.obj
 0002:000002e0       __guard_xfg_dispatch_icall_fptr 000000018000e2e0     LIBCMT:guard_support.obj
 0002:000002e8       __guard_xfg_table_dispatch_icall_fptr 000000018000e2e8     LIBCMT:guard_support.obj
 0002:000002f0       __xc_a                     000000018000e2f0     LIBCMT:initializers.obj
 0002:000002f8       __xc_z                     000000018000e2f8     LIBCMT:initializers.obj
 0002:00000300       __xi_a                     000000018000e300     LIBCMT:initializers.obj
 0002:00000308       __acrt_stdio_initializer   000000018000e308     libucrt:stdio_initializer.obj
 0002:00000310       __acrt_multibyte_initializer 000000018000e310     libucrt:multibyte_initializer.obj
 0002:00000318       __acrt_tran_fma3_initializer 000000018000e318     libucrt:fma3_initializer.obj
 0002:00000320       __xi_z                     000000018000e320     LIBCMT:initializers.obj
 0002:00000328       __xp_a                     000000018000e328     LIBCMT:initializers.obj
 0002:00000330       __acrt_locale_terminator   000000018000e330     libucrt:locale_initializer.obj
 0002:00000338       __dcrt_console_output_terminator 000000018000e338     libucrt:console_output_initializer.obj
 0002:00000340       __acrt_stdio_terminator    000000018000e340     libucrt:stdio_initializer.obj
 0002:00000348       __xp_z                     000000018000e348     LIBCMT:initializers.obj
 0002:00000350       __xt_a                     000000018000e350     LIBCMT:initializers.obj
 0002:00000358       __xt_z                     000000018000e358     LIBCMT:initializers.obj
 0002:00000360       ??_C@_1BC@BFIFPBJM@?$AAR?$AAE?$AAM?$AAI?$AAN?$AAD?$AAE?$AAR@ 000000018000e360     DoPatch.obj
 0002:00000378       ??_C@_1BI@NCPJFGNF@?$AAR?$AAa?$AAr?$AAR?$AAe?$AAm?$AAi?$AAn?$AAd?$AAe?$AAr@ 000000018000e378     DoPatch.obj
 0002:00000390       ??_C@_0BA@EINFLHMP@DialogBoxParamW@ 000000018000e390     DoPatch.obj
 0002:000003a0       ??_C@_1BG@OILDLIOJ@?$AAu?$AAs?$AAe?$AAr?$AA3?$AA2?$AA?4?$AAd?$AAl?$AAl@ 000000018000e3a0     DoPatch.obj
 0002:000003b8       ??_C@_0BA@MHOOFEGE@CreateWindowExW@ 000000018000e3b8     DoPatch.obj
 0002:000003c8       ??_C@_0L@MHHLCNNL@AlphaBlend@ 000000018000e3c8     DllLoader.obj
 0002:000003d8       ??_C@_0O@PDDHICKK@DllInitialize@ 000000018000e3d8     DllLoader.obj
 0002:000003e8       ??_C@_0N@ILLLDONH@GradientFill@ 000000018000e3e8     DllLoader.obj
 0002:000003f8       ??_C@_0P@NNILFBGL@TransparentBlt@ 000000018000e3f8     DllLoader.obj
 0002:00000408       ??_C@_0O@DBMFBCIL@vSetDdrawflag@ 000000018000e408     DllLoader.obj
 0002:00000418       _pDefaultRawDllMain        000000018000e418     LIBCMT:dll_dllmain.obj
 0002:00000418       _pRawDllMain               000000018000e418     LIBCMT:dll_dllmain.obj
 0002:00000430       __xmm@ffffffffffffffffffffffffffffffff 000000018000e430     LIBCMT:utility.obj
 0002:00000440       _pDestructExceptionObject  000000018000e440     libvcruntime:ehhelpers.obj
 0002:00000b50       ??_C@_08EHJDFFNH@__based?$CI@ 000000018000eb50     libvcruntime:undname.obj
 0002:00000b60       ??_C@_07KOLFKCDI@__cdecl@  000000018000eb60     libvcruntime:undname.obj
 0002:00000b68       ??_C@_08GHMPAG@__pascal@   000000018000eb68     libvcruntime:undname.obj
 0002:00000b78       ??_C@_09IFJBGAPI@__stdcall@ 000000018000eb78     libvcruntime:undname.obj
 0002:00000b88       ??_C@_0L@NPHFGOKO@__thiscall@ 000000018000eb88     libvcruntime:undname.obj
 0002:00000b98       ??_C@_0L@JMKHOMEK@__fastcall@ 000000018000eb98     libvcruntime:undname.obj
 0002:00000ba8       ??_C@_0N@BCKKPABJ@__vectorcall@ 000000018000eba8     libvcruntime:undname.obj
 0002:00000bb8       ??_C@_09HIJEGCPM@__clrcall@ 000000018000ebb8     libvcruntime:undname.obj
 0002:00000bc4       ??_C@_06GHPCKEAG@__eabi@   000000018000ebc4     libvcruntime:undname.obj
 0002:00000bd0       ??_C@_09IOPIDJLG@__swift_1@ 000000018000ebd0     libvcruntime:undname.obj
 0002:00000be0       ??_C@_09KFNFGKHF@__swift_2@ 000000018000ebe0     libvcruntime:undname.obj
 0002:00000bf0       ??_C@_07JOMMBBKO@__ptr64@  000000018000ebf0     libvcruntime:undname.obj
 0002:00000bf8       ??_C@_0L@PILCLIHE@__restrict@ 000000018000ebf8     libvcruntime:undname.obj
 0002:00000c08       ??_C@_0M@GFIIJFMG@__unaligned@ 000000018000ec08     libvcruntime:undname.obj
 0002:00000c18       ??_C@_09DHDLOLLB@restrict?$CI@ 000000018000ec18     libvcruntime:undname.obj
 0002:00000c22       ??_C@_00CNPNBAHC@@         000000018000ec22     libvcruntime:undname.obj
 0002:00000c24       ??_C@_04NIHEBCM@?5new@     000000018000ec24     libvcruntime:undname.obj
 0002:00000c30       ??_C@_07FPCDHGMM@?5delete@ 000000018000ec30     libvcruntime:undname.obj
 0002:00000c38       ??_C@_01NEMOKFLO@?$DN@     000000018000ec38     libvcruntime:undname.obj
 0002:00000c3c       ??_C@_02GPIOPFAK@?$DO?$DO@ 000000018000ec3c     libvcruntime:undname.obj
 0002:00000c40       ??_C@_02FODMEDOG@?$DM?$DM@ 000000018000ec40     libvcruntime:undname.obj
 0002:00000c44       ??_C@_01DCLJPIOD@?$CB@     000000018000ec44     libvcruntime:undname.obj
 0002:00000c48       ??_C@_02EGOFBIJA@?$DN?$DN@ 000000018000ec48     libvcruntime:undname.obj
 0002:00000c4c       ??_C@_02FDNJECIE@?$CB?$DN@ 000000018000ec4c     libvcruntime:undname.obj
 0002:00000c50       ??_C@_02GPECMEKF@?$FL?$FN@ 000000018000ec50     libvcruntime:undname.obj
 0002:00000c58       ??_C@_08LHJFAFGD@operator@ 000000018000ec58     libvcruntime:undname.obj
 0002:00000c64       ??_C@_02HBOOOICD@?9?$DO@   000000018000ec64     libvcruntime:undname.obj
 0002:00000c68       ??_C@_01NBENCBCI@?$CK@     000000018000ec68     libvcruntime:undname.obj
 0002:00000c6c       ??_C@_02ECNGHCIF@?$CL?$CL@ 000000018000ec6c     libvcruntime:undname.obj
 0002:00000c70       ??_C@_02BAABKJLB@?9?9@     000000018000ec70     libvcruntime:undname.obj
 0002:00000c74       ??_C@_01JOAMLHOP@?9@       000000018000ec74     libvcruntime:undname.obj
 0002:00000c78       ??_C@_01MIFGBAGJ@?$CL@     000000018000ec78     libvcruntime:undname.obj
 0002:00000c7c       ??_C@_01HNPIGOCE@?$CG@     000000018000ec7c     libvcruntime:undname.obj
 0002:00000c80       ??_C@_03MNHNFDLC@?9?$DO?$CK@ 000000018000ec80     libvcruntime:undname.obj
 0002:00000c84       ??_C@_01KMDKNFGN@?1@       000000018000ec84     libvcruntime:undname.obj
 0002:00000c88       ??_C@_01FGNFDNOH@?$CF@     000000018000ec88     libvcruntime:undname.obj
 0002:00000c8c       ??_C@_01MNNFJEPP@?$DM@     000000018000ec8c     libvcruntime:undname.obj
 0002:00000c90       ??_C@_02EHCHHCKH@?$DM?$DN@ 000000018000ec90     libvcruntime:undname.obj
 0002:00000c94       ??_C@_01PPODPGHN@?$DO@     000000018000ec94     libvcruntime:undname.obj
 0002:00000c98       ??_C@_02EEKDKGMJ@?$DO?$DN@ 000000018000ec98     libvcruntime:undname.obj
 0002:00000c9c       ??_C@_01IHBHIGKO@?0@       000000018000ec9c     libvcruntime:undname.obj
 0002:00000ca0       ??_C@_02HCKGKOFO@?$CI?$CJ@ 000000018000eca0     libvcruntime:undname.obj
 0002:00000ca4       ??_C@_01PJKLJHI@?$HO@      000000018000eca4     libvcruntime:undname.obj
 0002:00000ca8       ??_C@_01JKBOJNNK@?$FO@     000000018000eca8     libvcruntime:undname.obj
 0002:00000cac       ??_C@_01DNKMNLPK@?$HM@     000000018000ecac     libvcruntime:undname.obj
 0002:00000cb0       ??_C@_02PPKAJPJL@?$CG?$CG@ 000000018000ecb0     libvcruntime:undname.obj
 0002:00000cb4       ??_C@_02NONPIBCD@?$HM?$HM@ 000000018000ecb4     libvcruntime:undname.obj
 0002:00000cb8       ??_C@_02FPIMKNGF@?$CK?$DN@ 000000018000ecb8     libvcruntime:undname.obj
 0002:00000cbc       ??_C@_02FOEOMHFC@?$CL?$DN@ 000000018000ecbc     libvcruntime:undname.obj
 0002:00000cc0       ??_C@_02FKMDLLOA@?9?$DN@   000000018000ecc0     libvcruntime:undname.obj
 0002:00000cc4       ??_C@_02FJEHGPIO@?1?$DN@   000000018000ecc4     libvcruntime:undname.obj
 0002:00000cc8       ??_C@_02FENAOKFI@?$CF?$DN@ 000000018000ecc8     libvcruntime:undname.obj
 0002:00000ccc       ??_C@_03IKFCCPFF@?$DO?$DO?$DN@ 000000018000eccc     libvcruntime:undname.obj
 0002:00000cd0       ??_C@_03CDNPDDLA@?$DM?$DM?$DN@ 000000018000ecd0     libvcruntime:undname.obj
 0002:00000cd4       ??_C@_02FGJGFEAB@?$CG?$DN@ 000000018000ecd4     libvcruntime:undname.obj
 0002:00000cd8       ??_C@_02DHLNPPGH@?$HM?$DN@ 000000018000ecd8     libvcruntime:undname.obj
 0002:00000cdc       ??_C@_02MHEGNOJ@?$FO?$DN@  000000018000ecdc     libvcruntime:undname.obj
 0002:00000ce0       ??_C@_09IFPLHPGF@?$GAvftable?8@ 000000018000ece0     libvcruntime:undname.obj
 0002:00000cf0       ??_C@_09BLBHBJP@?$GAvbtable?8@ 000000018000ecf0     libvcruntime:undname.obj
 0002:00000d00       ??_C@_07FEEIOKP@?$GAvcall?8@ 000000018000ed00     libvcruntime:undname.obj
 0002:00000d08       ??_C@_08LLFFHHDJ@?$GAtypeof?8@ 000000018000ed08     libvcruntime:undname.obj
 0002:00000d18       ??_C@_0BF@KDPPACIK@?$GAlocal?5static?5guard?8@ 000000018000ed18     libvcruntime:undname.obj
 0002:00000d30       ??_C@_08OBABFOLI@?$GAstring?8@ 000000018000ed30     libvcruntime:undname.obj
 0002:00000d40       ??_C@_0BD@JDLKDPAB@?$GAvbase?5destructor?8@ 000000018000ed40     libvcruntime:undname.obj
 0002:00000d58       ??_C@_0BN@DEGPLNFK@?$GAvector?5deleting?5destructor?8@ 000000018000ed58     libvcruntime:undname.obj
 0002:00000d78       ??_C@_0BO@OBMKPJIG@?$GAdefault?5constructor?5closure?8@ 000000018000ed78     libvcruntime:undname.obj
 0002:00000d98       ??_C@_0BN@IMDCHIKM@?$GAscalar?5deleting?5destructor?8@ 000000018000ed98     libvcruntime:undname.obj
 0002:00000db8       ??_C@_0BO@PFGOCPJJ@?$GAvector?5constructor?5iterator?8@ 000000018000edb8     libvcruntime:undname.obj
 0002:00000dd8       ??_C@_0BN@LFPFMEDL@?$GAvector?5destructor?5iterator?8@ 000000018000edd8     libvcruntime:undname.obj
 0002:00000df8       ??_C@_0CE@IKBNEHA@?$GAvector?5vbase?5constructor?5itera@ 000000018000edf8     libvcruntime:undname.obj
 0002:00000e20       ??_C@_0BL@NILFHHPC@?$GAvirtual?5displacement?5map?8@ 000000018000ee20     libvcruntime:undname.obj
 0002:00000e40       ??_C@_0CB@JONCMFFK@?$GAeh?5vector?5constructor?5iterator@ 000000018000ee40     libvcruntime:undname.obj
 0002:00000e68       ??_C@_0CA@GCEOPDGL@?$GAeh?5vector?5destructor?5iterator?8@ 000000018000ee68     libvcruntime:undname.obj
 0002:00000e88       ??_C@_0CH@OOJPLCPH@?$GAeh?5vector?5vbase?5constructor?5it@ 000000018000ee88     libvcruntime:undname.obj
 0002:00000eb0       ??_C@_0BL@LLKPOHJI@?$GAcopy?5constructor?5closure?8@ 000000018000eeb0     libvcruntime:undname.obj
 0002:00000ed0       ??_C@_0BA@KBCDOMBN@?$GAudt?5returning?8@ 000000018000eed0     libvcruntime:undname.obj
 0002:00000ee0       ??_C@_03KLGMFNMG@?$GAEH@   000000018000eee0     libvcruntime:undname.obj
 0002:00000ee4       ??_C@_05KHLCHHI@?$GARTTI@  000000018000eee4     libvcruntime:undname.obj
 0002:00000ef0       ??_C@_0BA@KKLDJDLB@?$GAlocal?5vftable?8@ 000000018000eef0     libvcruntime:undname.obj
 0002:00000f00       ??_C@_0CE@IIHCMGGL@?$GAlocal?5vftable?5constructor?5clos@ 000000018000ef00     libvcruntime:undname.obj
 0002:00000f24       ??_C@_06FHBGPFGH@?5new?$FL?$FN@ 000000018000ef24     libvcruntime:undname.obj
 0002:00000f30       ??_C@_09LBNFPBCA@?5delete?$FL?$FN@ 000000018000ef30     libvcruntime:undname.obj
 0002:00000f40       ??_C@_0P@HJKNJFNN@?$GAomni?5callsig?8@ 000000018000ef40     libvcruntime:undname.obj
 0002:00000f50       ??_C@_0BL@CNOONJFP@?$GAplacement?5delete?5closure?8@ 000000018000ef50     libvcruntime:undname.obj
 0002:00000f70       ??_C@_0BN@CKNJLHMB@?$GAplacement?5delete?$FL?$FN?5closure?8@ 000000018000ef70     libvcruntime:undname.obj
 0002:00000f90       ??_C@_0CG@CFDHKGGD@?$GAmanaged?5vector?5constructor?5ite@ 000000018000ef90     libvcruntime:undname.obj
 0002:00000fb8       ??_C@_0CF@IMGKMJNO@?$GAmanaged?5vector?5destructor?5iter@ 000000018000efb8     libvcruntime:undname.obj
 0002:00000fe0       ??_C@_0CG@HLDDJMAG@?$GAeh?5vector?5copy?5constructor?5ite@ 000000018000efe0     libvcruntime:undname.obj
 0002:00001008       ??_C@_0CM@FCBBDIGB@?$GAeh?5vector?5vbase?5copy?5construct@ 000000018000f008     libvcruntime:undname.obj
 0002:00001038       ??_C@_0BL@CLIPGLGB@?$GAdynamic?5initializer?5for?5?8@ 000000018000f038     libvcruntime:undname.obj
 0002:00001058       ??_C@_0CB@PDBIFEP@?$GAdynamic?5atexit?5destructor?5for?5@ 000000018000f058     libvcruntime:undname.obj
 0002:00001080       ??_C@_0CD@CGAJBKEJ@?$GAvector?5copy?5constructor?5iterat@ 000000018000f080     libvcruntime:undname.obj
 0002:000010a8       ??_C@_0CJ@GJELGAMM@?$GAvector?5vbase?5copy?5constructor?5@ 000000018000f0a8     libvcruntime:undname.obj
 0002:000010d8       ??_C@_0CL@FGIJHLCE@?$GAmanaged?5vector?5copy?5constructo@ 000000018000f0d8     libvcruntime:undname.obj
 0002:00001108       ??_C@_0BM@PMGGMLDN@?$GAlocal?5static?5thread?5guard?8@ 000000018000f108     libvcruntime:undname.obj
 0002:00001128       ??_C@_0N@BDNMDMOL@operator?5?$CC?$CC?5@ 000000018000f128     libvcruntime:undname.obj
 0002:00001138       ??_C@_0BC@GGEBGALA@operator?5co_await@ 000000018000f138     libvcruntime:undname.obj
 0002:00001150       ??_C@_0M@GAAIMMOH@operator?$DM?$DN?$DO@ 000000018000f150     libvcruntime:undname.obj
 0002:00001160       ??_C@_0BC@DAFEJGAK@?5Type?5Descriptor?8@ 000000018000f160     libvcruntime:undname.obj
 0002:00001178       ??_C@_0BM@LDKODKLH@?5Base?5Class?5Descriptor?5at?5?$CI@ 000000018000f178     libvcruntime:undname.obj
 0002:00001198       ??_C@_0BD@LGICGFMM@?5Base?5Class?5Array?8@ 000000018000f198     libvcruntime:undname.obj
 0002:000011b0       ??_C@_0BN@MECKDCOJ@?5Class?5Hierarchy?5Descriptor?8@ 000000018000f1b0     libvcruntime:undname.obj
 0002:000011d0       ??_C@_0BK@CFCOFLF@?5Complete?5Object?5Locator?8@ 000000018000f1d0     libvcruntime:undname.obj
 0002:000011f0       ??_C@_0BG@JNJLAMPM@?$GAanonymous?5namespace?8@ 000000018000f1f0     libvcruntime:undname.obj
 0002:00001220       ??_C@_1DM@KHCHBNEB@?$AAa?$AAp?$AAi?$AA?9?$AAm?$AAs?$AA?9?$AAw?$AAi?$AAn?$AA?9?$AAc?$AAo?$AAr?$AAe@ 000000018000f220     libvcruntime:winapi_downlevel.obj
 0002:00001260       ??_C@_1DK@LPPGFMPP@?$AAa?$AAp?$AAi?$AA?9?$AAm?$AAs?$AA?9?$AAw?$AAi?$AAn?$AA?9?$AAc?$AAo?$AAr?$AAe@ 000000018000f260     libvcruntime:winapi_downlevel.obj
 0002:000012a0       ??_C@_1BC@GDMECMAK@?$AAk?$AAe?$AAr?$AAn?$AAe?$AAl?$AA3?$AA2@ 000000018000f2a0     libvcruntime:winapi_downlevel.obj
 0002:000012b8       ??_C@_1BA@PFFKHIOG@?$AAa?$AAp?$AAi?$AA?9?$AAm?$AAs?$AA?9@ 000000018000f2b8     libvcruntime:winapi_downlevel.obj
 0002:000012d0       ??_C@_08KNHFBNJ@FlsAlloc@  000000018000f2d0     libvcruntime:winapi_downlevel.obj
 0002:000012e8       ??_C@_07PEJMOBNF@FlsFree@  000000018000f2e8     libvcruntime:winapi_downlevel.obj
 0002:000012f8       ??_C@_0M@GDNOONDI@FlsGetValue@ 000000018000f2f8     libvcruntime:winapi_downlevel.obj
 0002:00001310       ??_C@_0M@JCPCPOEF@FlsSetValue@ 000000018000f310     libvcruntime:winapi_downlevel.obj
 0002:00001328       ??_C@_0BM@HCFOFFN@InitializeCriticalSectionEx@ 000000018000f328     libvcruntime:winapi_downlevel.obj
 0002:000014c0       __acrt_exception_action_table 000000018000f4c0     libucrt:exception_filter.obj
 0002:00001580       __acrt_signal_action_table_count 000000018000f580     libucrt:exception_filter.obj
 0002:00001588       __acrt_signal_action_first_fpe_index 000000018000f588     libucrt:exception_filter.obj
 0002:00001590       __acrt_signal_action_fpe_count 000000018000f590     libucrt:exception_filter.obj
 0002:00001598       ??_C@_1BI@BGOHAHKC@?$AAm?$AAs?$AAc?$AAo?$AAr?$AAe?$AAe?$AA?4?$AAd?$AAl?$AAl@ 000000018000f598     libucrt:exit.obj
 0002:000015b0       ??_C@_0P@MIGLKIOC@CorExitProcess@ 000000018000f5b0     libucrt:exit.obj
 0002:00001760       ??_C@_1EA@JGEFHKEI@?$AAa?$AAp?$AAi?$AA?9?$AAm?$AAs?$AA?9?$AAw?$AAi?$AAn?$AA?9?$AAc?$AAo?$AAr?$AAe@ 000000018000f760     libucrt:winapi_thunks.obj
 0002:000017a0       ??_C@_1DI@IJCEHOCB@?$AAa?$AAp?$AAi?$AA?9?$AAm?$AAs?$AA?9?$AAw?$AAi?$AAn?$AA?9?$AAc?$AAo?$AAr?$AAe@ 000000018000f7a0     libucrt:winapi_thunks.obj
 0002:000017e0       ??_C@_1EI@MPIAOHOC@?$AAa?$AAp?$AAi?$AA?9?$AAm?$AAs?$AA?9?$AAw?$AAi?$AAn?$AA?9?$AAc?$AAo?$AAr?$AAe@ 000000018000f7e0     libucrt:winapi_thunks.obj
 0002:00001830       ??_C@_1FK@FPHCKFIE@?$AAa?$AAp?$AAi?$AA?9?$AAm?$AAs?$AA?9?$AAw?$AAi?$AAn?$AA?9?$AAc?$AAo?$AAr?$AAe@ 000000018000f830     libucrt:winapi_thunks.obj
 0002:00001890       ??_C@_1EM@DILCGIIO@?$AAa?$AAp?$AAi?$AA?9?$AAm?$AAs?$AA?9?$AAw?$AAi?$AAn?$AA?9?$AAc?$AAo?$AAr?$AAe@ 000000018000f890     libucrt:winapi_thunks.obj
 0002:000018e0       ??_C@_1DM@LNCGDDPN@?$AAa?$AAp?$AAi?$AA?9?$AAm?$AAs?$AA?9?$AAw?$AAi?$AAn?$AA?9?$AAc?$AAo?$AAr?$AAe@ 000000018000f8e0     libucrt:winapi_thunks.obj
 0002:00001920       ??_C@_1DO@FPAPJEMD@?$AAa?$AAp?$AAi?$AA?9?$AAm?$AAs?$AA?9?$AAw?$AAi?$AAn?$AA?9?$AAc?$AAo?$AAr?$AAe@ 000000018000f920     libucrt:winapi_thunks.obj
 0002:00001960       ??_C@_1DK@NDHNAHIO@?$AAa?$AAp?$AAi?$AA?9?$AAm?$AAs?$AA?9?$AAw?$AAi?$AAn?$AA?9?$AAc?$AAo?$AAr?$AAe@ 000000018000f960     libucrt:winapi_thunks.obj
 0002:000019a0       ??_C@_1DM@KGHDGBCM@?$AAa?$AAp?$AAi?$AA?9?$AAm?$AAs?$AA?9?$AAw?$AAi?$AAn?$AA?9?$AAc?$AAo?$AAr?$AAe@ 000000018000f9a0     libucrt:winapi_thunks.obj
 0002:000019e0       ??_C@_1EO@IJIOEFOH@?$AAa?$AAp?$AAi?$AA?9?$AAm?$AAs?$AA?9?$AAw?$AAi?$AAn?$AA?9?$AAr?$AAt?$AAc?$AAo@ 000000018000f9e0     libucrt:winapi_thunks.obj
 0002:00001a30       ??_C@_1FG@HHGEKANL@?$AAa?$AAp?$AAi?$AA?9?$AAm?$AAs?$AA?9?$AAw?$AAi?$AAn?$AA?9?$AAs?$AAe?$AAc?$AAu@ 000000018000fa30     libucrt:winapi_thunks.obj
 0002:00001a90       ??_C@_1EG@DBIOJECG@?$AAe?$AAx?$AAt?$AA?9?$AAm?$AAs?$AA?9?$AAw?$AAi?$AAn?$AA?9?$AAn?$AAt?$AAu?$AAs@ 000000018000fa90     libucrt:winapi_thunks.obj
 0002:00001ae0       ??_C@_1EO@FIHMJCLF@?$AAe?$AAx?$AAt?$AA?9?$AAm?$AAs?$AA?9?$AAw?$AAi?$AAn?$AA?9?$AAn?$AAt?$AAu?$AAs@ 000000018000fae0     libucrt:winapi_thunks.obj
 0002:00001b30       ??_C@_1BC@DNHGCMLG@?$AAa?$AAd?$AAv?$AAa?$AAp?$AAi?$AA3?$AA2@ 000000018000fb30     libucrt:winapi_thunks.obj
 0002:00001b48       ??_C@_1M@OAIMIKLP@?$AAn?$AAt?$AAd?$AAl?$AAl@ 000000018000fb48     libucrt:winapi_thunks.obj
 0002:00001b60       ??_C@_1EG@DPGNFKGC@?$AAa?$AAp?$AAi?$AA?9?$AAm?$AAs?$AA?9?$AAw?$AAi?$AAn?$AA?9?$AAa?$AAp?$AAp?$AAm@ 000000018000fb60     libucrt:winapi_thunks.obj
 0002:00001ba8       ??_C@_1O@BCCLBEOE@?$AAu?$AAs?$AAe?$AAr?$AA3?$AA2@ 000000018000fba8     libucrt:winapi_thunks.obj
 0002:00001bb8       ??_C@_1BA@IAIFMGEF@?$AAe?$AAx?$AAt?$AA?9?$AAm?$AAs?$AA?9@ 000000018000fbb8     libucrt:winapi_thunks.obj
 0002:00001bd0       ??_C@_0BA@FHFNEAED@AreFileApisANSI@ 000000018000fbd0     libucrt:winapi_thunks.obj
 0002:00001c10       ??_C@_0O@KKBNKAPF@LCMapStringEx@ 000000018000fc10     libucrt:winapi_thunks.obj
 0002:00001c28       ??_C@_0BB@HBDEELFH@LocaleNameToLCID@ 000000018000fc28     libucrt:winapi_thunks.obj
 0002:00001c40       ??_C@_0CF@OJOFEIGO@AppPolicyGetProcessTerminationM@ 000000018000fc40     libucrt:winapi_thunks.obj
 0002:00001c70       __lc_time_c                000000018000fc70     libucrt:nlsdata.obj
 0002:00001f30       ??_C@_03KOEHGMDN@Sun@      000000018000ff30     libucrt:nlsdata.obj
 0002:00001f34       ??_C@_03PDAGKDH@Mon@       000000018000ff34     libucrt:nlsdata.obj
 0002:00001f38       ??_C@_03NAGEINEP@Tue@      000000018000ff38     libucrt:nlsdata.obj
 0002:00001f3c       ??_C@_03MHOMLAJA@Wed@      000000018000ff3c     libucrt:nlsdata.obj
 0002:00001f40       ??_C@_03IOFIKPDN@Thu@      000000018000ff40     libucrt:nlsdata.obj
 0002:00001f44       ??_C@_03IDIOELNC@Fri@      000000018000ff44     libucrt:nlsdata.obj
 0002:00001f48       ??_C@_03FEFJNEK@Sat@       000000018000ff48     libucrt:nlsdata.obj
 0002:00001f4c       ??_C@_06OOPIFAJ@Sunday@    000000018000ff4c     libucrt:nlsdata.obj
 0002:00001f54       ??_C@_06JLEDEDGH@Monday@   000000018000ff54     libucrt:nlsdata.obj
 0002:00001f60       ??_C@_07BAAGCFCM@Tuesday@  000000018000ff60     libucrt:nlsdata.obj
 0002:00001f68       ??_C@_09DLIGFAKA@Wednesday@ 000000018000ff68     libucrt:nlsdata.obj
 0002:00001f78       ??_C@_08HACCIKIA@Thursday@ 000000018000ff78     libucrt:nlsdata.obj
 0002:00001f84       ??_C@_06JECMNKMI@Friday@   000000018000ff84     libucrt:nlsdata.obj
 0002:00001f90       ??_C@_08INBOOONO@Saturday@ 000000018000ff90     libucrt:nlsdata.obj
 0002:00001f9c       ??_C@_03JIHJHPIE@Jan@      000000018000ff9c     libucrt:nlsdata.obj
 0002:00001fa0       ??_C@_03HJBDCHOM@Feb@      000000018000ffa0     libucrt:nlsdata.obj
 0002:00001fa4       ??_C@_03ODNJBKGA@Mar@      000000018000ffa4     libucrt:nlsdata.obj
 0002:00001fa8       ??_C@_03LEOLGMJP@Apr@      000000018000ffa8     libucrt:nlsdata.obj
 0002:00001fac       ??_C@_03CNMDKL@May@        000000018000ffac     libucrt:nlsdata.obj
 0002:00001fb0       ??_C@_03IDFGHECI@Jun@      000000018000ffb0     libucrt:nlsdata.obj
 0002:00001fb4       ??_C@_03LBGABGKK@Jul@      000000018000ffb4     libucrt:nlsdata.obj
 0002:00001fb8       ??_C@_03IFJFEIGA@Aug@      000000018000ffb8     libucrt:nlsdata.obj
 0002:00001fbc       ??_C@_03GGCAPAJC@Sep@      000000018000ffbc     libucrt:nlsdata.obj
 0002:00001fc0       ??_C@_03BMAOKBAD@Oct@      000000018000ffc0     libucrt:nlsdata.obj
 0002:00001fc4       ??_C@_03JPJOFNIA@Nov@      000000018000ffc4     libucrt:nlsdata.obj
 0002:00001fc8       ??_C@_03MKABNOCG@Dec@      000000018000ffc8     libucrt:nlsdata.obj
 0002:00001fd0       ??_C@_07CGJPFGJA@January@  000000018000ffd0     libucrt:nlsdata.obj
 0002:00001fd8       ??_C@_08GNJGEPFN@February@ 000000018000ffd8     libucrt:nlsdata.obj
 0002:00001fe4       ??_C@_05HPCKOFNC@March@    000000018000ffe4     libucrt:nlsdata.obj
 0002:00001fec       ??_C@_05DMJDNLEJ@April@    000000018000ffec     libucrt:nlsdata.obj
 0002:00001ff4       ??_C@_04CNLMGBGM@June@     000000018000fff4     libucrt:nlsdata.obj
 0002:00001ffc       ??_C@_04MIEPOIFP@July@     000000018000fffc     libucrt:nlsdata.obj
 0002:00002004       ??_C@_06LBBHFDDG@August@   0000000180010004     libucrt:nlsdata.obj
 0002:00002010       ??_C@_09BHHEALKD@September@ 0000000180010010     libucrt:nlsdata.obj
 0002:00002020       ??_C@_07JJNFCEND@October@  0000000180010020     libucrt:nlsdata.obj
 0002:00002028       ??_C@_08HCHEGEOA@November@ 0000000180010028     libucrt:nlsdata.obj
 0002:00002038       ??_C@_08EDHMEBNP@December@ 0000000180010038     libucrt:nlsdata.obj
 0002:00002044       ??_C@_02DEDBPAFC@AM@       0000000180010044     libucrt:nlsdata.obj
 0002:00002048       ??_C@_02CJNFDJBF@PM@       0000000180010048     libucrt:nlsdata.obj
 0002:00002050       ??_C@_08BPBNCDIB@MM?1dd?1yy@ 0000000180010050     libucrt:nlsdata.obj
 0002:00002060       ??_C@_0BE@CKGJFCPC@dddd?0?5MMMM?5dd?0?5yyyy@ 0000000180010060     libucrt:nlsdata.obj
 0002:00002078       ??_C@_08JCCMCCIL@HH?3mm?3ss@ 0000000180010078     libucrt:nlsdata.obj
 0002:00002088       ??_C@_17MBGCMIPB@?$AAS?$AAu?$AAn@ 0000000180010088     libucrt:nlsdata.obj
 0002:00002090       ??_C@_17KBOMKBF@?$AAM?$AAo?$AAn@ 0000000180010090     libucrt:nlsdata.obj
 0002:00002098       ??_C@_17BMKGEGOJ@?$AAT?$AAu?$AAe@ 0000000180010098     libucrt:nlsdata.obj
 0002:000020a0       ??_C@_17CJEDCEPE@?$AAW?$AAe?$AAd@ 00000001800100a0     libucrt:nlsdata.obj
 0002:000020a8       ??_C@_17PDPHAADD@?$AAT?$AAh?$AAu@ 00000001800100a8     libucrt:nlsdata.obj
 0002:000020b0       ??_C@_17HFOLPPLP@?$AAF?$AAr?$AAi@ 00000001800100b0     libucrt:nlsdata.obj
 0002:000020b8       ??_C@_17GGIBDPIH@?$AAS?$AAa?$AAt@ 00000001800100b8     libucrt:nlsdata.obj
 0002:000020c0       ??_C@_1O@IHNHDHPB@?$AAS?$AAu?$AAn?$AAd?$AAa?$AAy@ 00000001800100c0     libucrt:nlsdata.obj
 0002:000020d0       ??_C@_1O@MMNBFLIA@?$AAM?$AAo?$AAn?$AAd?$AAa?$AAy@ 00000001800100d0     libucrt:nlsdata.obj
 0002:000020e0       ??_C@_1BA@ENFBFFEK@?$AAT?$AAu?$AAe?$AAs?$AAd?$AAa?$AAy@ 00000001800100e0     libucrt:nlsdata.obj
 0002:000020f0       ??_C@_1BE@EBOGMDOH@?$AAW?$AAe?$AAd?$AAn?$AAe?$AAs?$AAd?$AAa?$AAy@ 00000001800100f0     libucrt:nlsdata.obj
 0002:00002108       ??_C@_1BC@HHMNLIHE@?$AAT?$AAh?$AAu?$AAr?$AAs?$AAd?$AAa?$AAy@ 0000000180010108     libucrt:nlsdata.obj
 0002:00002120       ??_C@_1O@PDICJHAG@?$AAF?$AAr?$AAi?$AAd?$AAa?$AAy@ 0000000180010120     libucrt:nlsdata.obj
 0002:00002130       ??_C@_1BC@ENMNNPAJ@?$AAS?$AAa?$AAt?$AAu?$AAr?$AAd?$AAa?$AAy@ 0000000180010130     libucrt:nlsdata.obj
 0002:00002148       ??_C@_17DKNBKCHM@?$AAJ?$AAa?$AAn@ 0000000180010148     libucrt:nlsdata.obj
 0002:00002150       ??_C@_17LMDJEKJN@?$AAF?$AAe?$AAb@ 0000000180010150     libucrt:nlsdata.obj
 0002:00002158       ??_C@_17CKNLEDEC@?$AAM?$AAa?$AAr@ 0000000180010158     libucrt:nlsdata.obj
 0002:00002160       ??_C@_17LFPOIHDD@?$AAA?$AAp?$AAr@ 0000000180010160     libucrt:nlsdata.obj
 0002:00002168       ??_C@_17PNNKMEED@?$AAM?$AAa?$AAy@ 0000000180010168     libucrt:nlsdata.obj
 0002:00002170       ??_C@_17KCJGOCPB@?$AAJ?$AAu?$AAn@ 0000000180010170     libucrt:nlsdata.obj
 0002:00002178       ??_C@_17IJPCKHK@?$AAJ?$AAu?$AAl@ 0000000180010178     libucrt:nlsdata.obj
 0002:00002180       ??_C@_17ICPELBCN@?$AAA?$AAu?$AAg@ 0000000180010180     libucrt:nlsdata.obj
 0002:00002188       ??_C@_17HCHCOKMG@?$AAS?$AAe?$AAp@ 0000000180010188     libucrt:nlsdata.obj
 0002:00002190       ??_C@_17FNLKOI@?$AAO?$AAc?$AAt@ 0000000180010190     libucrt:nlsdata.obj
 0002:00002198       ??_C@_17BBDMLCIG@?$AAN?$AAo?$AAv@ 0000000180010198     libucrt:nlsdata.obj
 0002:000021a0       ??_C@_17EGKACKIF@?$AAD?$AAe?$AAc@ 00000001800101a0     libucrt:nlsdata.obj
 0002:000021a8       ??_C@_1BA@EFMEIEBA@?$AAJ?$AAa?$AAn?$AAu?$AAa?$AAr?$AAy@ 00000001800101a8     libucrt:nlsdata.obj
 0002:000021b8       ??_C@_1BC@JGDDFFAM@?$AAF?$AAe?$AAb?$AAr?$AAu?$AAa?$AAr?$AAy@ 00000001800101b8     libucrt:nlsdata.obj
 0002:000021d0       ??_C@_1M@IKEENEDF@?$AAM?$AAa?$AAr?$AAc?$AAh@ 00000001800101d0     libucrt:nlsdata.obj
 0002:000021e0       ??_C@_1M@GJNLMHFD@?$AAA?$AAp?$AAr?$AAi?$AAl@ 00000001800101e0     libucrt:nlsdata.obj
 0002:000021f0       ??_C@_19EPFLPGAP@?$AAJ?$AAu?$AAn?$AAe@ 00000001800101f0     libucrt:nlsdata.obj
 0002:00002200       ??_C@_19BIFMLPCD@?$AAJ?$AAu?$AAl?$AAy@ 0000000180010200     libucrt:nlsdata.obj
 0002:00002210       ??_C@_1O@PAHLKOAC@?$AAA?$AAu?$AAg?$AAu?$AAs?$AAt@ 0000000180010210     libucrt:nlsdata.obj
 0002:00002220       ??_C@_1BE@DKAAMBJL@?$AAS?$AAe?$AAp?$AAt?$AAe?$AAm?$AAb?$AAe?$AAr@ 0000000180010220     libucrt:nlsdata.obj
 0002:00002238       ??_C@_1BA@EPANDLNG@?$AAO?$AAc?$AAt?$AAo?$AAb?$AAe?$AAr@ 0000000180010238     libucrt:nlsdata.obj
 0002:00002248       ??_C@_1BC@BGLIFPF@?$AAN?$AAo?$AAv?$AAe?$AAm?$AAb?$AAe?$AAr@ 0000000180010248     libucrt:nlsdata.obj
 0002:00002260       ??_C@_1BC@FEMKIFH@?$AAD?$AAe?$AAc?$AAe?$AAm?$AAb?$AAe?$AAr@ 0000000180010260     libucrt:nlsdata.obj
 0002:00002274       ??_C@_15ODEHAHHF@?$AAA?$AAM@ 0000000180010274     libucrt:nlsdata.obj
 0002:0000227c       ??_C@_15CLMNNGEL@?$AAP?$AAM@ 000000018001027c     libucrt:nlsdata.obj
 0002:00002288       ??_C@_1BC@IEBCMHCM@?$AAM?$AAM?$AA?1?$AAd?$AAd?$AA?1?$AAy?$AAy@ 0000000180010288     libucrt:nlsdata.obj
 0002:000022a0       ??_C@_1CI@KNAKOEBC@?$AAd?$AAd?$AAd?$AAd?$AA?0?$AA?5?$AAM?$AAM?$AAM?$AAM?$AA?5?$AAd?$AAd?$AA?0?$AA?5@ 00000001800102a0     libucrt:nlsdata.obj
 0002:000022c8       ??_C@_1BC@GDGBMEMK@?$AAH?$AAH?$AA?3?$AAm?$AAm?$AA?3?$AAs?$AAs@ 00000001800102c8     libucrt:nlsdata.obj
 0002:000022e0       ??_C@_1M@BMHNFIME@?$AAe?$AAn?$AA?9?$AAU?$AAS@ 00000001800102e0     libucrt:nlsdata.obj
 0002:000022f0       __newctype                 00000001800102f0     libucrt:ctype.obj
 0002:000025f0       __newclmap                 00000001800105f0     libucrt:ctype.obj
 0002:00002770       __newcumap                 0000000180010770     libucrt:ctype.obj
 0002:00002910       ??_C@_1M@HPNHIDJI@?$AAj?$AAa?$AA?9?$AAJ?$AAP@ 0000000180010910     libucrt:mbctype.obj
 0002:00002920       ??_C@_1M@BIBDDEMK@?$AAz?$AAh?$AA?9?$AAC?$AAN@ 0000000180010920     libucrt:mbctype.obj
 0002:00002930       ??_C@_1M@JLOOOEGK@?$AAk?$AAo?$AA?9?$AAK?$AAR@ 0000000180010930     libucrt:mbctype.obj
 0002:00002940       ??_C@_1M@CLNBBOPM@?$AAz?$AAh?$AA?9?$AAT?$AAW@ 0000000180010940     libucrt:mbctype.obj
 0002:00003790       ??_C@_15EMKDOKLE@?$AAa?$AAr@ 0000000180011790     libucrt:lcidtoname_downlevel.obj
 0002:00003798       ??_C@_15KNPADPLH@?$AAb?$AAg@ 0000000180011798     libucrt:lcidtoname_downlevel.obj
 0002:000037a0       ??_C@_15EDMHLDMO@?$AAc?$AAa@ 00000001800117a0     libucrt:lcidtoname_downlevel.obj
 0002:000037a8       ??_C@_1O@BPEAJADD@?$AAz?$AAh?$AA?9?$AAC?$AAH?$AAS@ 00000001800117a8     libucrt:lcidtoname_downlevel.obj
 0002:000037b8       ??_C@_15LJNHCMNK@?$AAc?$AAs@ 00000001800117b8     libucrt:lcidtoname_downlevel.obj
 0002:000037c0       ??_C@_15FOMCIDHG@?$AAd?$AAa@ 00000001800117c0     libucrt:lcidtoname_downlevel.obj
 0002:000037c8       ??_C@_15NBKABECB@?$AAd?$AAe@ 00000001800117c8     libucrt:lcidtoname_downlevel.obj
 0002:000037d0       ??_C@_15GHPEIIAO@?$AAe?$AAl@ 00000001800117d0     libucrt:lcidtoname_downlevel.obj
 0002:000037d8       ??_C@_15MNPNEAIF@?$AAe?$AAn@ 00000001800117d8     libucrt:lcidtoname_downlevel.obj
 0002:000037e0       ??_C@_15GPIOMPMH@?$AAe?$AAs@ 00000001800117e0     libucrt:lcidtoname_downlevel.obj
 0002:000037e8       ??_C@_15NGLOAKJC@?$AAf?$AAi@ 00000001800117e8     libucrt:lcidtoname_downlevel.obj
 0002:000037f0       ??_C@_15FBKGNKAM@?$AAf?$AAr@ 00000001800117f0     libucrt:lcidtoname_downlevel.obj
 0002:000037f8       ??_C@_15KGGCNEFK@?$AAh?$AAe@ 00000001800117f8     libucrt:lcidtoname_downlevel.obj
 0002:00003800       ??_C@_15PGHLIDMF@?$AAh?$AAu@ 0000000180011800     libucrt:lcidtoname_downlevel.obj
 0002:00003808       ??_C@_15BIEMAPLM@?$AAi?$AAs@ 0000000180011808     libucrt:lcidtoname_downlevel.obj
 0002:00003810       ??_C@_15IFJLDHAF@?$AAi?$AAt@ 0000000180011810     libucrt:lcidtoname_downlevel.obj
 0002:00003818       ??_C@_15GEMIOCAG@?$AAj?$AAa@ 0000000180011818     libucrt:lcidtoname_downlevel.obj
 0002:00003820       ??_C@_15EPELEGJA@?$AAk?$AAo@ 0000000180011820     libucrt:lcidtoname_downlevel.obj
 0002:00003828       ??_C@_15NDDHIMN@?$AAn?$AAl@ 0000000180011828     libucrt:lcidtoname_downlevel.obj
 0002:00003830       ??_C@_15BPIGNHCD@?$AAn?$AAo@ 0000000180011830     libucrt:lcidtoname_downlevel.obj
 0002:00003838       ??_C@_15DEOPBLCG@?$AAp?$AAl@ 0000000180011838     libucrt:lcidtoname_downlevel.obj
 0002:00003840       ??_C@_15KBECGEFG@?$AAp?$AAt@ 0000000180011840     libucrt:lcidtoname_downlevel.obj
 0002:00003848       ??_C@_15GLJCBFMD@?$AAr?$AAo@ 0000000180011848     libucrt:lcidtoname_downlevel.obj
 0002:00003850       ??_C@_15FEDGKCDI@?$AAr?$AAu@ 0000000180011850     libucrt:lcidtoname_downlevel.obj
 0002:00003858       ??_C@_15GLKMLLHM@?$AAh?$AAr@ 0000000180011858     libucrt:lcidtoname_downlevel.obj
 0002:00003860       ??_C@_15CPKMFBDB@?$AAs?$AAk@ 0000000180011860     libucrt:lcidtoname_downlevel.obj
 0002:00003868       ??_C@_15BAAIOGMK@?$AAs?$AAq@ 0000000180011868     libucrt:lcidtoname_downlevel.obj
 0002:00003870       ??_C@_15INNPNOHD@?$AAs?$AAv@ 0000000180011870     libucrt:lcidtoname_downlevel.obj
 0002:00003878       ??_C@_15CABMMOGH@?$AAt?$AAh@ 0000000180011878     libucrt:lcidtoname_downlevel.obj
 0002:00003880       ??_C@_15BPLIHJJM@?$AAt?$AAr@ 0000000180011880     libucrt:lcidtoname_downlevel.obj
 0002:00003888       ??_C@_15NEOEKKDJ@?$AAu?$AAr@ 0000000180011888     libucrt:lcidtoname_downlevel.obj
 0002:00003890       ??_C@_15NFICGAJK@?$AAi?$AAd@ 0000000180011890     libucrt:lcidtoname_downlevel.obj
 0002:00003898       ??_C@_15PJPFLCCM@?$AAu?$AAk@ 0000000180011898     libucrt:lcidtoname_downlevel.obj
 0002:000038a0       ??_C@_15HPJPHDM@?$AAb?$AAe@ 00000001800118a0     libucrt:lcidtoname_downlevel.obj
 0002:000038a8       ??_C@_15LCHLGJII@?$AAs?$AAl@ 00000001800118a8     libucrt:lcidtoname_downlevel.obj
 0002:000038b0       ??_C@_15PCFJPHHO@?$AAe?$AAt@ 00000001800118b0     libucrt:lcidtoname_downlevel.obj
 0002:000038b8       ??_C@_15HPFPGODN@?$AAl?$AAv@ 00000001800118b8     libucrt:lcidtoname_downlevel.obj
 0002:000038c0       ??_C@_15NFFGKGLG@?$AAl?$AAt@ 00000001800118c0     libucrt:lcidtoname_downlevel.obj
 0002:000038c8       ??_C@_15BDAKCCHN@?$AAf?$AAa@ 00000001800118c8     libucrt:lcidtoname_downlevel.obj
 0002:000038d0       ??_C@_15NFGIAIAJ@?$AAv?$AAi@ 00000001800118d0     libucrt:lcidtoname_downlevel.obj
 0002:000038d8       ??_C@_15LMKNDMHN@?$AAh?$AAy@ 00000001800118d8     libucrt:lcidtoname_downlevel.obj
 0002:000038e0       ??_C@_15IJBHMCFL@?$AAa?$AAz@ 00000001800118e0     libucrt:lcidtoname_downlevel.obj
 0002:000038e8       ??_C@_15EKOFJABL@?$AAe?$AAu@ 00000001800118e8     libucrt:lcidtoname_downlevel.obj
 0002:000038f0       ??_C@_15BGHADCNK@?$AAm?$AAk@ 00000001800118f0     libucrt:lcidtoname_downlevel.obj
 0002:000038f8       ??_C@_15JDNICKHM@?$AAa?$AAf@ 00000001800118f8     libucrt:lcidtoname_downlevel.obj
 0002:00003900       ??_C@_15KPJEDBKD@?$AAk?$AAa@ 0000000180011900     libucrt:lcidtoname_downlevel.obj
 0002:00003908       ??_C@_15PDNFFFEO@?$AAf?$AAo@ 0000000180011908     libucrt:lcidtoname_downlevel.obj
 0002:00003910       ??_C@_15OMLEGLOC@?$AAh?$AAi@ 0000000180011910     libucrt:lcidtoname_downlevel.obj
 0002:00003918       ??_C@_15IDNNENKK@?$AAm?$AAs@ 0000000180011918     libucrt:lcidtoname_downlevel.obj
 0002:00003920       ??_C@_15MACJNBMH@?$AAk?$AAk@ 0000000180011920     libucrt:lcidtoname_downlevel.obj
 0002:00003928       ??_C@_15DKDJEOND@?$AAk?$AAy@ 0000000180011928     libucrt:lcidtoname_downlevel.obj
 0002:00003930       ??_C@_15DFGDLJBG@?$AAs?$AAw@ 0000000180011930     libucrt:lcidtoname_downlevel.obj
 0002:00003938       ??_C@_15BBFAICNG@?$AAu?$AAz@ 0000000180011938     libucrt:lcidtoname_downlevel.obj
 0002:00003940       ??_C@_15DKNDCGEA@?$AAt?$AAt@ 0000000180011940     libucrt:lcidtoname_downlevel.obj
 0002:00003948       ??_C@_15MGIFMDPL@?$AAp?$AAa@ 0000000180011948     libucrt:lcidtoname_downlevel.obj
 0002:00003950       ??_C@_15HCNDBBA@?$AAg?$AAu@ 0000000180011950     libucrt:lcidtoname_downlevel.obj
 0002:00003958       ??_C@_15FNBEIBON@?$AAt?$AAa@ 0000000180011958     libucrt:lcidtoname_downlevel.obj
 0002:00003960       ??_C@_15NCHGBGLK@?$AAt?$AAe@ 0000000180011960     libucrt:lcidtoname_downlevel.obj
 0002:00003968       ??_C@_15PHPHCBPF@?$AAk?$AAn@ 0000000180011968     libucrt:lcidtoname_downlevel.obj
 0002:00003970       ??_C@_15DLGBCKMP@?$AAm?$AAr@ 0000000180011970     libucrt:lcidtoname_downlevel.obj
 0002:00003978       ??_C@_15EABBLBFF@?$AAs?$AAa@ 0000000180011978     libucrt:lcidtoname_downlevel.obj
 0002:00003980       ??_C@_15CBKOMCOI@?$AAm?$AAn@ 0000000180011980     libucrt:lcidtoname_downlevel.obj
 0002:00003988       ??_C@_15CKDMCJAF@?$AAg?$AAl@ 0000000180011988     libucrt:lcidtoname_downlevel.obj
 0002:00003990       ??_C@_17CNJFBPG@?$AAk?$AAo?$AAk@ 0000000180011990     libucrt:lcidtoname_downlevel.obj
 0002:00003998       ??_C@_17FFBJICPL@?$AAs?$AAy?$AAr@ 0000000180011998     libucrt:lcidtoname_downlevel.obj
 0002:000039a0       ??_C@_17KPNDCPAF@?$AAd?$AAi?$AAv@ 00000001800119a0     libucrt:lcidtoname_downlevel.obj
 0002:000039a8       ??_C@_11LOCGONAA@@         00000001800119a8     libucrt:lcidtoname_downlevel.obj
 0002:000039b0       ??_C@_1M@OKAHONE@?$AAa?$AAr?$AA?9?$AAS?$AAA@ 00000001800119b0     libucrt:lcidtoname_downlevel.obj
 0002:000039c0       ??_C@_1M@FFFIGIGK@?$AAb?$AAg?$AA?9?$AAB?$AAG@ 00000001800119c0     libucrt:lcidtoname_downlevel.obj
 0002:000039d0       ??_C@_1M@BJNKEDC@?$AAc?$AAa?$AA?9?$AAE?$AAS@ 00000001800119d0     libucrt:lcidtoname_downlevel.obj
 0002:000039e0       ??_C@_1M@IJJHFJHA@?$AAc?$AAs?$AA?9?$AAC?$AAZ@ 00000001800119e0     libucrt:lcidtoname_downlevel.obj
 0002:000039f0       ??_C@_1M@CLPEOBGI@?$AAd?$AAa?$AA?9?$AAD?$AAK@ 00000001800119f0     libucrt:lcidtoname_downlevel.obj
 0002:00003a00       ??_C@_1M@MCMADGCB@?$AAd?$AAe?$AA?9?$AAD?$AAE@ 0000000180011a00     libucrt:lcidtoname_downlevel.obj
 0002:00003a10       ??_C@_1M@OOCKEMAM@?$AAe?$AAl?$AA?9?$AAG?$AAR@ 0000000180011a10     libucrt:lcidtoname_downlevel.obj
 0002:00003a20       ??_C@_1M@DDNJFGID@?$AAf?$AAi?$AA?9?$AAF?$AAI@ 0000000180011a20     libucrt:lcidtoname_downlevel.obj
 0002:00003a30       ??_C@_1M@GLIPPMAC@?$AAf?$AAr?$AA?9?$AAF?$AAR@ 0000000180011a30     libucrt:lcidtoname_downlevel.obj
 0002:00003a40       ??_C@_1M@GFMCHPE@?$AAh?$AAe?$AA?9?$AAI?$AAL@ 0000000180011a40     libucrt:lcidtoname_downlevel.obj
 0002:00003a50       ??_C@_1M@MHLPGNKM@?$AAh?$AAu?$AA?9?$AAH?$AAU@ 0000000180011a50     libucrt:lcidtoname_downlevel.obj
 0002:00003a60       ??_C@_1M@LPDDNNPN@?$AAi?$AAs?$AA?9?$AAI?$AAS@ 0000000180011a60     libucrt:lcidtoname_downlevel.obj
 0002:00003a70       ??_C@_1M@MADIPODN@?$AAi?$AAt?$AA?9?$AAI?$AAT@ 0000000180011a70     libucrt:lcidtoname_downlevel.obj
 0002:00003a80       ??_C@_1M@IHBJJGG@?$AAn?$AAl?$AA?9?$AAN?$AAL@ 0000000180011a80     libucrt:lcidtoname_downlevel.obj
 0002:00003a90       ??_C@_1M@EANAGDL@?$AAn?$AAb?$AA?9?$AAN?$AAO@ 0000000180011a90     libucrt:lcidtoname_downlevel.obj
 0002:00003aa0       ??_C@_1M@NEIEMEGP@?$AAp?$AAl?$AA?9?$AAP?$AAL@ 0000000180011aa0     libucrt:lcidtoname_downlevel.obj
 0002:00003ab0       ??_C@_1M@BOCFIGEP@?$AAp?$AAt?$AA?9?$AAB?$AAR@ 0000000180011ab0     libucrt:lcidtoname_downlevel.obj
 0002:00003ac0       ??_C@_1M@IMPFOPBG@?$AAr?$AAo?$AA?9?$AAR?$AAO@ 0000000180011ac0     libucrt:lcidtoname_downlevel.obj
 0002:00003ad0       ??_C@_1M@IDNNEJMM@?$AAr?$AAu?$AA?9?$AAR?$AAU@ 0000000180011ad0     libucrt:lcidtoname_downlevel.obj
 0002:00003ae0       ??_C@_1M@LILEEOGM@?$AAh?$AAr?$AA?9?$AAH?$AAR@ 0000000180011ae0     libucrt:lcidtoname_downlevel.obj
 0002:00003af0       ??_C@_1M@FKIFEHPB@?$AAs?$AAk?$AA?9?$AAS?$AAK@ 0000000180011af0     libucrt:lcidtoname_downlevel.obj
 0002:00003b00       ??_C@_1M@LJMAMNPJ@?$AAs?$AAq?$AA?9?$AAA?$AAL@ 0000000180011b00     libucrt:lcidtoname_downlevel.obj
 0002:00003b10       ??_C@_1M@GIAKDKJK@?$AAs?$AAv?$AA?9?$AAS?$AAE@ 0000000180011b10     libucrt:lcidtoname_downlevel.obj
 0002:00003b20       ??_C@_1M@MKJKIKCL@?$AAt?$AAh?$AA?9?$AAT?$AAH@ 0000000180011b20     libucrt:lcidtoname_downlevel.obj
 0002:00003b30       ??_C@_1M@MFLCCMPB@?$AAt?$AAr?$AA?9?$AAT?$AAR@ 0000000180011b30     libucrt:lcidtoname_downlevel.obj
 0002:00003b40       ??_C@_1M@OIJHDKJN@?$AAu?$AAr?$AA?9?$AAP?$AAK@ 0000000180011b40     libucrt:lcidtoname_downlevel.obj
 0002:00003b50       ??_C@_1M@LHIPCIEK@?$AAi?$AAd?$AA?9?$AAI?$AAD@ 0000000180011b50     libucrt:lcidtoname_downlevel.obj
 0002:00003b60       ??_C@_1M@MFMOBGI@?$AAu?$AAk?$AA?9?$AAU?$AAA@ 0000000180011b60     libucrt:lcidtoname_downlevel.obj
 0002:00003b70       ??_C@_1M@OBGLJIPL@?$AAb?$AAe?$AA?9?$AAB?$AAY@ 0000000180011b70     libucrt:lcidtoname_downlevel.obj
 0002:00003b80       ??_C@_1M@BCFAJEAD@?$AAs?$AAl?$AA?9?$AAS?$AAI@ 0000000180011b80     libucrt:lcidtoname_downlevel.obj
 0002:00003b90       ??_C@_1M@FKFFEDDN@?$AAe?$AAt?$AA?9?$AAE?$AAE@ 0000000180011b90     libucrt:lcidtoname_downlevel.obj
 0002:00003ba0       ??_C@_1M@KGKKAACI@?$AAl?$AAv?$AA?9?$AAL?$AAV@ 0000000180011ba0     libucrt:lcidtoname_downlevel.obj
 0002:00003bb0       ??_C@_1M@IFGBIJO@?$AAl?$AAt?$AA?9?$AAL?$AAT@ 0000000180011bb0     libucrt:lcidtoname_downlevel.obj
 0002:00003bc0       ??_C@_1M@FGEAHEDM@?$AAf?$AAa?$AA?9?$AAI?$AAR@ 0000000180011bc0     libucrt:lcidtoname_downlevel.obj
 0002:00003bd0       ??_C@_1M@KBMAIBFN@?$AAv?$AAi?$AA?9?$AAV?$AAN@ 0000000180011bd0     libucrt:lcidtoname_downlevel.obj
 0002:00003be0       ??_C@_1M@GPCBKDJK@?$AAh?$AAy?$AA?9?$AAA?$AAM@ 0000000180011be0     libucrt:lcidtoname_downlevel.obj
 0002:00003bf0       ??_C@_1BG@BECMDDJB@?$AAa?$AAz?$AA?9?$AAA?$AAZ?$AA?9?$AAL?$AAa?$AAt?$AAn@ 0000000180011bf0     libucrt:lcidtoname_downlevel.obj
 0002:00003c08       ??_C@_1M@MAOFCAEA@?$AAe?$AAu?$AA?9?$AAE?$AAS@ 0000000180011c08     libucrt:lcidtoname_downlevel.obj
 0002:00003c18       ??_C@_1M@IGHABKPI@?$AAm?$AAk?$AA?9?$AAM?$AAK@ 0000000180011c18     libucrt:lcidtoname_downlevel.obj
 0002:00003c28       ??_C@_1M@IAIGNEJG@?$AAt?$AAn?$AA?9?$AAZ?$AAA@ 0000000180011c28     libucrt:lcidtoname_downlevel.obj
 0002:00003c38       ??_C@_1M@IIJCOJFA@?$AAx?$AAh?$AA?9?$AAZ?$AAA@ 0000000180011c38     libucrt:lcidtoname_downlevel.obj
 0002:00003c48       ??_C@_1M@LGPJHNJH@?$AAz?$AAu?$AA?9?$AAZ?$AAA@ 0000000180011c48     libucrt:lcidtoname_downlevel.obj
 0002:00003c58       ??_C@_1M@HOKAOIO@?$AAa?$AAf?$AA?9?$AAZ?$AAA@ 0000000180011c58     libucrt:lcidtoname_downlevel.obj
 0002:00003c68       ??_C@_1M@DPCLHLIE@?$AAk?$AAa?$AA?9?$AAG?$AAE@ 0000000180011c68     libucrt:lcidtoname_downlevel.obj
 0002:00003c78       ??_C@_1M@BLKMHJBI@?$AAf?$AAo?$AA?9?$AAF?$AAO@ 0000000180011c78     libucrt:lcidtoname_downlevel.obj
 0002:00003c88       ??_C@_1M@LGGJAPPB@?$AAh?$AAi?$AA?9?$AAI?$AAN@ 0000000180011c88     libucrt:lcidtoname_downlevel.obj
 0002:00003c98       ??_C@_1M@FIKPIHFE@?$AAm?$AAt?$AA?9?$AAM?$AAT@ 0000000180011c98     libucrt:lcidtoname_downlevel.obj
[...]
 0004:000007ec       $pdata$_calloc_base        000000018001a7ec     libucrt:calloc_base.obj
 0004:000007f8       $pdata$_free_base          000000018001a7f8     libucrt:free_base.obj
 0004:00000804       $pdata$__acrt_initialize_winapi_thunks 000000018001a804     libucrt:winapi_thunks.obj
 0004:00000810       $pdata$__acrt_uninitialize_winapi_thunks 000000018001a810     libucrt:winapi_thunks.obj
 0004:0000081c       $pdata$__acrt_AreFileApisANSI 000000018001a81c     libucrt:winapi_thunks.obj
 0004:00000828       $pdata$__acrt_FlsAlloc     000000018001a828     libucrt:winapi_thunks.obj
 0004:00000834       $pdata$__acrt_FlsFree      000000018001a834     libucrt:winapi_thunks.obj
 0004:00000840       $pdata$__acrt_FlsGetValue  000000018001a840     libucrt:winapi_thunks.obj
 0004:0000084c       $pdata$__acrt_FlsSetValue  000000018001a84c     libucrt:winapi_thunks.obj
 0004:00000858       $pdata$__acrt_InitializeCriticalSectionEx 000000018001a858     libucrt:winapi_thunks.obj
 0004:00000864       $pdata$__acrt_LCMapStringEx 000000018001a864     libucrt:winapi_thunks.obj
 0004:00000870       $pdata$__acrt_LocaleNameToLCID 000000018001a870     libucrt:winapi_thunks.obj
 0004:0000087c       $pdata$__acrt_AppPolicyGetProcessTerminationMethodInternal 000000018001a87c     libucrt:winapi_thunks.obj
 0004:00000888       $pdata$?try_get_function@@YAPEAXW4function_id@?A0x391cf84c@@QEBDQEBW4module_id@2@2@Z 000000018001a888     libucrt:winapi_thunks.obj
 0004:00000894       $pdata$_fcloseall          000000018001a894     libucrt:closeall.obj
 0004:000008a0       $pdata$_fcloseall$fin$0    000000018001a8a0     libucrt:closeall.obj
 0004:000008ac       $pdata$_fflush_nolock      000000018001a8ac     libucrt:fflush.obj
 0004:000008b8       $pdata$__acrt_stdio_flush_nolock 000000018001a8b8     libucrt:fflush.obj
 0004:000008c4       $pdata$?common_flush_all@@YAH_N@Z 000000018001a8c4     libucrt:fflush.obj
 0004:000008d0       $pdata$??$?RV<lambda_842d9ff0dc9ef11c61343bbaebe7f885>@@AEAV<lambda_c5860995281e5c4ce005b3de8f5874ee>@@V<lambda_d90129c13df834fdcbf8d2b88dafcf2d>@@@?$__crt_seh_guarded_call@X@@QEAAX$$QEAV<lambda_842d9ff0dc9ef11c61343bbaebe7f885>@@AEAV<lambda_c5860995281e5c4ce005b3de8f5874ee>@@$$QEAV<lambda_d90129c13df834fdcbf8d2b88dafcf2d>@@@Z 000000018001a8d0     libucrt:fflush.obj
 0004:000008dc       $pdata$?fin$0@?0???$?RV<lambda_842d9ff0dc9ef11c61343bbaebe7f885>@@AEAV<lambda_c5860995281e5c4ce005b3de8f5874ee>@@V<lambda_d90129c13df834fdcbf8d2b88dafcf2d>@@@?$__crt_seh_guarded_call@X@@QEAAX$$QEAV<lambda_842d9ff0dc9ef11c61343bbaebe7f885>@@AEAV<lambda_c5860995281e5c4ce005b3de8f5874ee>@@$$QEAV<lambda_d90129c13df834fdcbf8d2b88dafcf2d>@@@Z@4HA 000000018001a8dc     libucrt:fflush.obj
 0004:000008e8       $pdata$??$?RV<lambda_886d6c58226a84441f68b9f2b8217b83>@@AEAV<lambda_ab61a845afdef5b7c387490eaf3616ee>@@V<lambda_f7f22ab5edc0698d5f6905b0d3f44752>@@@?$__crt_seh_guarded_call@X@@QEAAX$$QEAV<lambda_886d6c58226a84441f68b9f2b8217b83>@@AEAV<lambda_ab61a845afdef5b7c387490eaf3616ee>@@$$QEAV<lambda_f7f22ab5edc0698d5f6905b0d3f44752>@@@Z 000000018001a8e8     libucrt:fflush.obj
 0004:000008f4       $pdata$?fin$0@?0???$?RV<lambda_886d6c58226a84441f68b9f2b8217b83>@@AEAV<lambda_ab61a845afdef5b7c387490eaf3616ee>@@V<lambda_f7f22ab5edc0698d5f6905b0d3f44752>@@@?$__crt_seh_guarded_call@X@@QEAAX$$QEAV<lambda_886d6c58226a84441f68b9f2b8217b83>@@AEAV<lambda_ab61a845afdef5b7c387490eaf3616ee>@@$$QEAV<lambda_f7f22ab5edc0698d5f6905b0d3f44752>@@@Z@4HA 000000018001a8f4     libucrt:fflush.obj
 0004:00000900       $pdata$__acrt_stdio_free_buffer_nolock 000000018001a900     libucrt:_freebuf.obj
 0004:0000090c       $pdata$__acrt_initialize_lowio 000000018001a90c     libucrt:ioinit.obj
 0004:00000918       $pdata$__acrt_initialize_lowio$fin$0 000000018001a918     libucrt:ioinit.obj
 0004:00000924       $pdata$__acrt_uninitialize_lowio 000000018001a924     libucrt:ioinit.obj
 0004:00000930       $pdata$?initialize_inherited_file_handles_nolock@@YAXXZ 000000018001a930     libucrt:ioinit.obj
 0004:0000093c       $pdata$?initialize_stdio_handles_nolock@@YAXXZ 000000018001a93c     libucrt:ioinit.obj
 0004:00000948       $pdata$fclose              000000018001a948     libucrt:fclose.obj
 0004:00000954       $pdata$fclose$fin$0        000000018001a954     libucrt:fclose.obj
 0004:00000960       $pdata$_fclose_nolock      000000018001a960     libucrt:fclose.obj
 0004:0000096c       $pdata$_isleadbyte_l       000000018001a96c     libucrt:_wctype.obj
 0004:00000978       $pdata$__acrt_LCMapStringA 000000018001a978     libucrt:lcmapstringa.obj
 0004:00000984       $pdata$?__acrt_LCMapStringA_stat@@YAHPEAU__crt_locale_pointers@@PEB_WKPEBDHPEADHHH@Z 000000018001a984     libucrt:lcmapstringa.obj
 0004:00000990       $pdata$__acrt_update_locale_info 000000018001a990     libucrt:locale_update.obj
 0004:0000099c       $pdata$__acrt_update_multibyte_info 000000018001a99c     libucrt:locale_update.obj
 0004:000009a8       $pdata$__acrt_uninitialize_locale 000000018001a9a8     libucrt:wsetlocale.obj
 0004:000009b4       $pdata$??$?RV<lambda_410d79af7f07d98d83a3f525b3859a53>@@AEAV<lambda_3e16ef9562a7dcce91392c22ab16ea36>@@V<lambda_38119f0e861e05405d8a144b9b982f0a>@@@?$__crt_seh_guarded_call@X@@QEAAX$$QEAV<lambda_410d79af7f07d98d83a3f525b3859a53>@@AEAV<lambda_3e16ef9562a7dcce91392c22ab16ea36>@@$$QEAV<lambda_38119f0e861e05405d8a144b9b982f0a>@@@Z 000000018001a9b4     libucrt:wsetlocale.obj
 0004:000009c0       $pdata$?fin$0@?0???$?RV<lambda_410d79af7f07d98d83a3f525b3859a53>@@AEAV<lambda_3e16ef9562a7dcce91392c22ab16ea36>@@V<lambda_38119f0e861e05405d8a144b9b982f0a>@@@?$__crt_seh_guarded_call@X@@QEAAX$$QEAV<lambda_410d79af7f07d98d83a3f525b3859a53>@@AEAV<lambda_3e16ef9562a7dcce91392c22ab16ea36>@@$$QEAV<lambda_38119f0e861e05405d8a144b9b982f0a>@@@Z@4HA 000000018001a9c0     libucrt:wsetlocale.obj
 0004:000009cc       $pdata$__pctype_func       000000018001a9cc     libucrt:ctype.obj
 0004:000009d8       $pdata$__acrt_initialize_locks 000000018001a9d8     libucrt:locks.obj
 0004:000009e4       $pdata$__acrt_uninitialize_locks 000000018001a9e4     libucrt:locks.obj
 0004:000009f0       $pdata$_malloc_base        000000018001a9f0     libucrt:malloc_base.obj
 0004:000009fc       $pdata$__acrt_get_process_end_policy 000000018001a9fc     libucrt:win_policies.obj
 0004:00000a08       $pdata$??$__acrt_mbs_to_wcs_cp@U__crt_win32_buffer_internal_dynamic_resizing@@@@YAHQEBDAEAV?$__crt_win32_buffer@_WU__crt_win32_buffer_internal_dynamic_resizing@@@@I@Z 000000018001aa08     libucrt:argv_wildcards.obj
 0004:00000a14       $pdata$??$__acrt_wcs_to_mbs_cp@U__crt_win32_buffer_internal_dynamic_resizing@@@@YAHQEB_WAEAV?$__crt_win32_buffer@DU__crt_win32_buffer_internal_dynamic_resizing@@@@I@Z 000000018001aa14     libucrt:argv_wildcards.obj
 0004:00000a20       $pdata$??$common_expand_argv_wildcards@D@@YAHQEAPEADQEAPEAPEAD@Z 000000018001aa20     libucrt:argv_wildcards.obj
 0004:00000a2c       $pdata$??$copy_and_add_argument_to_buffer@D@@YAHQEBD0_KAEAV?$argument_list@D@?A0x5f5c8891@@@Z 000000018001aa2c     libucrt:argv_wildcards.obj
 0004:00000a38       $pdata$??$expand_argument_wildcards@D@@YAHQEAD0AEAV?$argument_list@D@?A0x5f5c8891@@@Z 000000018001aa38     libucrt:argv_wildcards.obj
 0004:00000a44       $pdata$__acrt_GetModuleFileNameA 000000018001aa44     libucrt:getmodulefilenamea.obj
 0004:00000a50       $pdata$??$__acrt_wcs_to_mbs_cp@U__crt_win32_buffer_no_resizing@@@@YAHQEB_WAEAV?$__crt_win32_buffer@DU__crt_win32_buffer_no_resizing@@@@I@Z 000000018001aa50     libucrt:getmodulefilenamea.obj
 0004:00000a5c       $pdata$__acrt_update_thread_multibyte_data 000000018001aa5c     libucrt:mbctype.obj
 0004:00000a68       $pdata$__acrt_initialize_multibyte 000000018001aa68     libucrt:mbctype.obj
 0004:00000a74       $pdata$_setmbcp_nolock     000000018001aa74     libucrt:mbctype.obj
 0004:00000a80       $pdata$?getSystemCP@@YAHH@Z 000000018001aa80     libucrt:mbctype.obj
 0004:00000a8c       $pdata$?setSBCS@@YAXPEAU__crt_multibyte_data@@@Z 000000018001aa8c     libucrt:mbctype.obj
 0004:00000a98       $pdata$?update_thread_multibyte_data_internal@@YAPEAU__crt_multibyte_data@@QEAU__acrt_ptd@@QEAPEAU1@@Z 000000018001aa98     libucrt:mbctype.obj
 0004:00000aa4       $pdata$?fin$0@?0??update_thread_multibyte_data_internal@@YAPEAU__crt_multibyte_data@@QEAU__acrt_ptd@@QEAPEAU1@@Z@4HA 000000018001aaa4     libucrt:mbctype.obj
 0004:00000ab0       $pdata$?setmbcp_internal@@YAHH_NQEAU__acrt_ptd@@QEAPEAU__crt_multibyte_data@@@Z 000000018001aab0     libucrt:mbctype.obj
 0004:00000abc       $pdata$?setSBUpLow@@YAXPEAU__crt_multibyte_data@@@Z 000000018001aabc     libucrt:mbctype.obj
 0004:00000ac8       $pdata$??$?RV<lambda_efdfa57d1f175319df784efa44bb7b81>@@AEAV<lambda_5f0a4c1567f8adc6734073e5d1e1b35c>@@V<lambda_2e8a7d3640ea6ccb4c2413664c2db6fd>@@@?$__crt_seh_guarded_call@X@@QEAAX$$QEAV<lambda_efdfa57d1f175319df784efa44bb7b81>@@AEAV<lambda_5f0a4c1567f8adc6734073e5d1e1b35c>@@$$QEAV<lambda_2e8a7d3640ea6ccb4c2413664c2db6fd>@@@Z 000000018001aac8     libucrt:mbctype.obj
 0004:00000ad4       $pdata$?fin$0@?0???$?RV<lambda_efdfa57d1f175319df784efa44bb7b81>@@AEAV<lambda_5f0a4c1567f8adc6734073e5d1e1b35c>@@V<lambda_2e8a7d3640ea6ccb4c2413664c2db6fd>@@@?$__crt_seh_guarded_call@X@@QEAAX$$QEAV<lambda_efdfa57d1f175319df784efa44bb7b81>@@AEAV<lambda_5f0a4c1567f8adc6734073e5d1e1b35c>@@$$QEAV<lambda_2e8a7d3640ea6ccb4c2413664c2db6fd>@@@Z@4HA 000000018001aad4     libucrt:mbctype.obj
 0004:00000ae0       $pdata$?x_ismbbtype_l@@YAHPEAU__crt_locale_pointers@@IHH@Z 000000018001aae0     libucrt:ismbbyte.obj
 0004:00000aec       $pdata$__acrt_initialize_command_line 000000018001aaec     libucrt:argv_data.obj
 0004:00000af8       $pdata$__acrt_WideCharToMultiByte 000000018001aaf8     libucrt:widechartomultibyte.obj
 0004:00000b04       $pdata$__dcrt_get_narrow_environment_from_os 000000018001ab04     libucrt:get_environment_from_os.obj
 0004:00000b10       $pdata$_recalloc_base      000000018001ab10     libucrt:recalloc.obj
 0004:00000b1c       $pdata$__acrt_initialize_heap 000000018001ab1c     libucrt:heap_handle.obj
 0004:00000b28       $pdata$__acrt_execute_initializers 000000018001ab28     libucrt:shared_initialization.obj
 0004:00000b34       $pdata$__acrt_execute_uninitializers 000000018001ab34     libucrt:shared_initialization.obj
 0004:00000b40       $pdata$__acrt_get_sigabrt_handler 000000018001ab40     libucrt:signal.obj
 0004:00000b4c       $pdata$raise               000000018001ab4c     libucrt:signal.obj
 0004:00000b58       $pdata$raise$fin$0         000000018001ab58     libucrt:signal.obj
 0004:00000b64       $pdata$??$?RV<lambda_450d765d439847d4c735a33c368b5fc0>@@AEAV<lambda_44731a7d0e6d81c3e6aa82d741081786>@@V<lambda_601a2a7da3b7a96e9554ac7215c4b07c>@@@?$__crt_seh_guarded_call@P6AXH@Z@@QEAAP6AXH@Z$$QEAV<lambda_450d765d439847d4c735a33c368b5fc0>@@AEAV<lambda_44731a7d0e6d81c3e6aa82d741081786>@@$$QEAV<lambda_601a2a7da3b7a96e9554ac7215c4b07c>@@@Z 000000018001ab64     libucrt:signal.obj
 0004:00000b70       $pdata$?fin$0@?0???$?RV<lambda_450d765d439847d4c735a33c368b5fc0>@@AEAV<lambda_44731a7d0e6d81c3e6aa82d741081786>@@V<lambda_601a2a7da3b7a96e9554ac7215c4b07c>@@@?$__crt_seh_guarded_call@P6AXH@Z@@QEAAP6AXH@Z$$QEAV<lambda_450d765d439847d4c735a33c368b5fc0>@@AEAV<lambda_44731a7d0e6d81c3e6aa82d741081786>@@$$QEAV<lambda_601a2a7da3b7a96e9554ac7215c4b07c>@@@Z@4HA 000000018001ab70     libucrt:signal.obj
 0004:00000b7c       $pdata$_mbtowc_l           000000018001ab7c     libucrt:mbtowc.obj
 0004:00000b88       $pdata$_fileno             000000018001ab88     libucrt:fileno.obj
 0004:00000b94       $pdata$__acrt_release_locale_ref 000000018001ab94     libucrt:locale_refcounting.obj
 0004:00000ba0       $pdata$__acrt_free_locale  000000018001aba0     libucrt:locale_refcounting.obj
 0004:00000bac       $pdata$__acrt_locale_free_lc_time_if_unreferenced 000000018001abac     libucrt:locale_refcounting.obj
 0004:00000bb8       $pdata$__acrt_update_thread_locale_data 000000018001abb8     libucrt:locale_refcounting.obj
 0004:00000bc4       $pdata$__acrt_update_thread_locale_data$fin$0 000000018001abc4     libucrt:locale_refcounting.obj
 0004:00000bd0       $pdata$_updatetlocinfoEx_nolock 000000018001abd0     libucrt:locale_refcounting.obj
 0004:00000bdc       $pdata$__acrt_DownlevelLocaleNameToLCID 000000018001abdc     libucrt:lcidtoname_downlevel.obj
 0004:00000be8       $pdata$_commit             000000018001abe8     libucrt:commit.obj
 0004:00000bf4       $pdata$??$?RV<lambda_a37b2b86f63e897a80ea819b0eb08c01>@@AEAV<lambda_38ce7e780aa69e748d6df282ebc68efe>@@V<lambda_99fb1378e971ab6e7edea83e3a7a83a2>@@@?$__crt_seh_guarded_call@H@@QEAAH$$QEAV<lambda_a37b2b86f63e897a80ea819b0eb08c01>@@AEAV<lambda_38ce7e780aa69e748d6df282ebc68efe>@@$$QEAV<lambda_99fb1378e971ab6e7edea83e3a7a83a2>@@@Z 000000018001abf4     libucrt:commit.obj
 0004:00000c00       $pdata$?fin$0@?0???$?RV<lambda_a37b2b86f63e897a80ea819b0eb08c01>@@AEAV<lambda_38ce7e780aa69e748d6df282ebc68efe>@@V<lambda_99fb1378e971ab6e7edea83e3a7a83a2>@@@?$__crt_seh_guarded_call@H@@QEAAH$$QEAV<lambda_a37b2b86f63e897a80ea819b0eb08c01>@@AEAV<lambda_38ce7e780aa69e748d6df282ebc68efe>@@$$QEAV<lambda_99fb1378e971ab6e7edea83e3a7a83a2>@@@Z@4HA 000000018001ac00     libucrt:commit.obj
 0004:00000c0c       $pdata$_write              000000018001ac0c     libucrt:write.obj
 0004:00000c18       $pdata$_write$fin$0        000000018001ac18     libucrt:write.obj
 0004:00000c24       $pdata$_write_nolock       000000018001ac24     libucrt:write.obj
 0004:00000c30       $pdata$?write_double_translated_ansi_nolock@@YA?AUwrite_result@?A0x17268360@@HQEBDI@Z 000000018001ac30     libucrt:write.obj
 0004:00000c3c       $pdata$?write_text_ansi_nolock@@YA?AUwrite_result@?A0x17268360@@HQEBDI@Z 000000018001ac3c     libucrt:write.obj
 0004:00000c48       $pdata$?write_text_utf16le_nolock@@YA?AUwrite_result@?A0x17268360@@HQEBDI@Z 000000018001ac48     libucrt:write.obj
 0004:00000c54       $pdata$?write_text_utf8_nolock@@YA?AUwrite_result@?A0x17268360@@HQEBDI@Z 000000018001ac54     libucrt:write.obj
 0004:00000c60       $pdata$_get_osfhandle      000000018001ac60     libucrt:osfinfo.obj
 0004:00000c6c       $pdata$_free_osfhnd        000000018001ac6c     libucrt:osfinfo.obj
 0004:00000c78       $pdata$__acrt_lowio_create_handle_array 000000018001ac78     libucrt:osfinfo.obj
 0004:00000c84       $pdata$__acrt_lowio_destroy_handle_array 000000018001ac84     libucrt:osfinfo.obj
 0004:00000c90       $pdata$__acrt_lowio_ensure_fh_exists 000000018001ac90     libucrt:osfinfo.obj
 0004:00000c9c       $pdata$__acrt_lowio_ensure_fh_exists$fin$0 000000018001ac9c     libucrt:osfinfo.obj
 0004:00000ca8       $pdata$_close              000000018001aca8     libucrt:close.obj
 0004:00000cb4       $pdata$_close_nolock       000000018001acb4     libucrt:close.obj
 0004:00000cc0       $pdata$??$?RV<lambda_751a882b2c74d4b022dec766aa51a29a>@@AEAV<lambda_628dfdc04ba53c8bfc02c9951375f3f5>@@V<lambda_f6c7be5f7998530c34de24c7437d6b54>@@@?$__crt_seh_guarded_call@H@@QEAAH$$QEAV<lambda_751a882b2c74d4b022dec766aa51a29a>@@AEAV<lambda_628dfdc04ba53c8bfc02c9951375f3f5>@@$$QEAV<lambda_f6c7be5f7998530c34de24c7437d6b54>@@@Z 000000018001acc0     libucrt:close.obj
 0004:00000ccc       $pdata$?fin$0@?0???$?RV<lambda_751a882b2c74d4b022dec766aa51a29a>@@AEAV<lambda_628dfdc04ba53c8bfc02c9951375f3f5>@@V<lambda_f6c7be5f7998530c34de24c7437d6b54>@@@?$__crt_seh_guarded_call@H@@QEAAH$$QEAV<lambda_751a882b2c74d4b022dec766aa51a29a>@@AEAV<lambda_628dfdc04ba53c8bfc02c9951375f3f5>@@$$QEAV<lambda_f6c7be5f7998530c34de24c7437d6b54>@@@Z@4HA 000000018001accc     libucrt:close.obj
 0004:00000cd8       $pdata$__acrt_locale_free_monetary 000000018001acd8     libucrt:initmon.obj
 0004:00000ce4       $pdata$__acrt_locale_free_numeric 000000018001ace4     libucrt:initnum.obj
 0004:00000cf0       $pdata$__acrt_locale_free_time 000000018001acf0     libucrt:inittime.obj
 0004:00000cfc       $pdata$?free_crt_array_internal@@YAXQEAPEBX_K@Z 000000018001acfc     libucrt:inittime.obj
 0004:00000d08       $pdata$__acrt_GetStringTypeA 000000018001ad08     libucrt:getstringtypea.obj
 0004:00000d14       $pdata$qsort               000000018001ad14     libucrt:qsort.obj
 0004:00000d20       $pdata$4$qsort             000000018001ad20     libucrt:qsort.obj
 0004:00000d2c       $pdata$5$qsort             000000018001ad2c     libucrt:qsort.obj
 0004:00000d38       $pdata$strncpy_s           000000018001ad38     libucrt:strncpy_s.obj
 0004:00000d44       $pdata$strpbrk             000000018001ad44     libucrt:strpbrk.obj
 0004:00000d50       $pdata$fallbackMethod      000000018001ad50     libucrt:strpbrk.obj
 0004:00000d5c       $pdata$_mbsdec_l           000000018001ad5c     libucrt:mbsdec.obj
 0004:00000d68       $pdata$?initialize_multibyte@@YAHXZ 000000018001ad68     libucrt:multibyte_initializer.obj
 0004:00000d74       $pdata$_msize_base         000000018001ad74     libucrt:msize.obj
 0004:00000d80       $pdata$_realloc_base       000000018001ad80     libucrt:realloc_base.obj
 0004:00000d8c       $pdata$_isatty             000000018001ad8c     libucrt:isatty.obj
 0004:00000d98       $pdata$?__mbrtowc_utf8@__crt_mbstring@@YA_KPEA_WPEBD_KPEAU_Mbstatet@@@Z 000000018001ad98     libucrt:mbrtowc.obj
 0004:00000da4       $pdata$?__mbsrtowcs_utf8@__crt_mbstring@@YA_KPEA_WPEAPEBD_KPEAU_Mbstatet@@@Z 000000018001ada4     libucrt:mbrtowc.obj
 0004:00000db0       $pdata$??$common_lseek_nolock@_J@@YA_JH_JH@Z 000000018001adb0     libucrt:lseek.obj
 0004:00000dbc       $pdata$_putwch_nolock      000000018001adbc     libucrt:putwch.obj
 0004:00000dc8       $pdata$?__mbrtoc32_utf8@__crt_mbstring@@YA_KPEA_UPEBD_KPEAU_Mbstatet@@@Z 000000018001adc8     libucrt:mbrtoc32.obj
 0004:00000de0       $pdata$__dcrt_lowio_ensure_console_output_initialized 000000018001ade0     libucrt:initcon.obj
 0004:00000dec       $pdata$__dcrt_write_console 000000018001adec     libucrt:initcon.obj
 0004:00000df8       $pdata$__dcrt_terminate_console_output 000000018001adf8     libucrt:initcon.obj
 0004:00000e04       $pdata$_call_matherr       000000018001ae04     libucrt:libm_error.obj
 0004:00000e10       $pdata$_exception_enabled  000000018001ae10     libucrt:libm_error.obj
 0004:00000e1c       $pdata$_handle_error       000000018001ae1c     libucrt:libm_error.obj
 0004:00000e28       $pdata$__acrt_initialize_fma3 000000018001ae28     libucrt:fma3_available.obj
 0004:00000e34       $pdata$_log_special_common 000000018001ae34     libucrt:log_special.obj
 0004:00000e40       $pdata$_log10_special      000000018001ae40     libucrt:log_special.obj
 0004:00000e58       $pdata$_set_errno_from_matherr 000000018001ae58     libucrt:fpexcept.obj
 0004:00000e64       $pdata$_raise_exc          000000018001ae64     libucrt:fpexcept.obj
 0004:00000e70       $pdata$_raise_exc_ex       000000018001ae70     libucrt:fpexcept.obj
 0004:00000e7c       $pdata$_clrfp              000000018001ae7c     libucrt:fpctrl.obj
 0004:00000e88       $pdata$_ctrlfp             000000018001ae88     libucrt:fpctrl.obj
 0004:00000e94       $pdata$_ctrlfp$filt$0      000000018001ae94     libucrt:fpctrl.obj
 0004:00000ea0       $pdata$_statfp             000000018001aea0     libucrt:fpctrl.obj
 0004:00000eac       $pdata$_set_statfp         000000018001aeac     libucrt:fpctrl.obj
 0004:00000eb8       $pdata$_IsNonwritableInCurrentImage 000000018001aeb8     LIBCMT:pesect.obj
 0004:00000ec4       $pdata$_IsNonwritableInCurrentImage$filt$0 000000018001aec4     LIBCMT:pesect.obj
 0005:00000000       MoveSmall                  000000018001b000     libvcruntime:memcpy.obj
 0005:00000050       MsetTab                    000000018001b050     libvcruntime:memset.obj
 0006:00000060       $R000000                   000000018001c060     * linker generated manifest res *
